<html>
<body>
<pre>
<h1>礦ision Build Log</h1>
<h2>Tool Versions:</h2>
IDE-Version: μVision V5.34.0.0
Copyright (C) 2021 ARM Ltd and ARM Germany GmbH. All rights reserved.
License Information: z z, z, LIC=47GU5-GAG8D-56CQ2-91KDC-NM03I-RY95X
 
Tool Versions:
Toolchain:       MDK-ARM Plus  Version: 5.34.0.0
Toolchain Path:  C:\Keil_v5\ARM\ARMCC\Bin
C Compiler:      Armcc.exe V5.06 update 7 (build 960)
Assembler:       Armasm.exe V5.06 update 7 (build 960)
Linker/Locator:  ArmLink.exe V5.06 update 7 (build 960)
Library Manager: ArmAr.exe V5.06 update 7 (build 960)
Hex Converter:   FromElf.exe V5.06 update 7 (build 960)
CPU DLL:         SARMCM3.DLL V5.34.0.0
Dialog DLL:      DCM.DLL V1.17.3.0
Target DLL:      Segger\JL2CM3.dll V2.99.38.0
Dialog DLL:      TCM.DLL V1.48.0.0
 
<h2>Project:</h2>
E:\A3-zhangy\FHC\FHC_STM32F103\MDK-ARM\FHC_HAL_RTT.uvprojx
Project File Date:  05/16/2021

<h2>Output:</h2>
*** Using Compiler 'V5.06 update 7 (build 960)', folder: 'C:\Keil_v5\ARM\ARMCC\Bin'
Build target 'FHC_HAL_RTT'
compiling stm32f1xx_it.c...
compiling stm32f1xx_hal_msp.c...
compiling main.c...
../Src/main.c(48): warning:  #177-D: variable "mode2_count"  was declared but never referenced
  	unsigned int mode2_count=0;
../Src/main.c: 1 warning, 0 errors
compiling bsp_clock.c...
compiling fhc_thread.c...
..\Src\fhc_thread.c(493): warning:  #177-D: variable "code_SMG_ND"  was declared but never referenced
  	unsigned char code_SMG_ND=0x00;													//段码code，不显示
..\Src\fhc_thread.c(499): warning:  #177-D: variable "buf"  was declared but never referenced
  	unsigned char buf[4]={0};		//buf[3]用来标记数据类型(1为温度，2为时间)，buf[2]暂未使用，buf[1]:温度的MSB/时间的hour，buf[0]:温度的LSB/时间的min,,温度数据位uint16_t，X10保留1位小数
..\Src\fhc_thread.c(590): warning:  #177-D: variable "time_d"  was declared but never referenced
  	unsigned int time_d=0;
..\Src\fhc_thread.c(591): warning:  #177-D: variable "hour"  was declared but never referenced
  	unsigned char hour=12;
..\Src\fhc_thread.c(710): warning:  #111-D: statement is unreachable
  	FHC_HOT_LED_OFF();
..\Src\fhc_thread.c(735): warning:  #111-D: statement is unreachable
  	FHC_FAN_LED_OFF();
..\Src\fhc_thread.c: 6 warnings, 0 errors
compiling bsp_rtc.c...
compiling bsp_i2c.c...
compiling bsp_dac.c...
compiling bsp_spi.c...
compiling bsp_gpio.c...
assembling startup_stm32f103xe.s...
compiling stm32f1xx_hal_gpio_ex.c...
compiling bsp_timer.c...
compiling bsp_hc595.c...
compiling bsp_max31856.c...
compiling bsp_uart.c...
compiling stm32f1xx_hal_dac.c...
compiling stm32f1xx_hal_dac_ex.c...
compiling stm32f1xx_hal_rtc_ex.c...
compiling stm32f1xx_hal_rtc.c...
compiling stm32f1xx_hal_i2c.c...
compiling stm32f1xx_hal_tim_ex.c...
compiling stm32f1xx_hal_spi.c...
compiling stm32f1xx_hal_uart.c...
compiling stm32f1xx_hal.c...
compiling stm32f1xx_hal_tim.c...
compiling stm32f1xx_hal_gpio.c...
compiling stm32f1xx_hal_rcc_ex.c...
compiling stm32f1xx_hal_cortex.c...
compiling stm32f1xx_hal_rcc.c...
compiling stm32f1xx_hal_dma.c...
compiling system_stm32f1xx.c...
compiling stm32f1xx_hal_flash_ex.c...
compiling stm32f1xx_hal_pwr.c...
compiling stm32f1xx_hal_flash.c...
compiling stm32f1xx_hal_exti.c...
compiling cmd.c...
compiling msh.c...
compiling shell.c...
compiling clock.c...
compiling components.c...
assembling context_rvds.S...
compiling cpuport.c...
compiling idle.c...
compiling ipc.c...
compiling irq.c...
compiling mem.c...
compiling kservice.c...
compiling object.c...
..\RTT_Nano\kernal\object.c(262): warning:  #550-D: variable "obj"  was set but never used
          struct rt_object *obj;
..\RTT_Nano\kernal\object.c: 1 warning, 0 errors
compiling scheduler.c...
compiling thread.c...
compiling timer.c...
compiling board.c...
linking...
Program Size: Code=18524 RO-data=668 RW-data=204 ZI-data=9116  
FromELF: creating hex file...
After Build - User command #1: C:\Keil_v5\\ARM\ARMCC\bin\fromelf.exe --bin --output=Output\FHC_HAL_RTT.bin FHC_HAL_RTT\FHC_HAL_RTT.axf
"FHC_HAL_RTT\FHC_HAL_RTT.axf" - 0 Error(s), 8 Warning(s).

<h2>Software Packages used:</h2>

Package Vendor: ARM
                http://www.keil.com/pack/ARM.CMSIS.5.7.0.pack
                ARM.CMSIS.5.7.0
                CMSIS (Cortex Microcontroller Software Interface Standard)
   * Component: CORE Version: 5.4.0

Package Vendor: Keil
                http://www.keil.com/pack/Keil.STM32F1xx_DFP.2.3.0.pack
                Keil.STM32F1xx_DFP.2.3.0
                STMicroelectronics STM32F1 Series Device Support, Drivers and Examples

<h2>Collection of Component include folders:</h2>
  .\RTE\_FHC_HAL_RTT
  C:\Users\haiqing\AppData\Local\Arm\Packs\ARM\CMSIS\5.7.0\CMSIS\Core\Include
  C:\Users\haiqing\AppData\Local\Arm\Packs\Keil\STM32F1xx_DFP\2.3.0\Device\Include

<h2>Collection of Component Files used:</h2>

   * Component: ARM::CMSIS:CORE:5.4.0
Build Time Elapsed:  00:00:20
</pre>
</body>
</html>
