Component: ARM Compiler 5.06 update 7 (build 960) Tool: armlink [4d3601]

==============================================================================

Section Cross References

    main.o(i.fhc_power_down) refers to printf1.o(i.__0printf$1) for __2printf
    main.o(i.fhc_power_down) refers to stm32f1xx_hal_gpio.o(i.HAL_GPIO_WritePin) for HAL_GPIO_WritePin
    main.o(i.fhc_power_down) refers to bsp_hc595.o(i.HC595SendData) for HC595SendData
    main.o(i.main) refers to stm32f1xx_hal.o(i.HAL_Init) for HAL_Init
    main.o(i.main) refers to bsp_clock.o(i.SystemClock_Config) for SystemClock_Config
    main.o(i.main) refers to bsp_gpio.o(i.MX_GPIO_Init) for MX_GPIO_Init
    main.o(i.main) refers to bsp_dac.o(i.MX_DAC_Init) for MX_DAC_Init
    main.o(i.main) refers to bsp_rtc.o(i.MX_RTC_Init) for MX_RTC_Init
    main.o(i.main) refers to stm32f1xx_hal_rtc_ex.o(i.HAL_RTCEx_SetSecond_IT) for HAL_RTCEx_SetSecond_IT
    main.o(i.main) refers to bsp_uart.o(i.MX_USART1_UART_Init) for MX_USART1_UART_Init
    main.o(i.main) refers to kservice.o(i.rt_show_version) for rt_show_version
    main.o(i.main) refers to bsp_clock.o(i.get_RCCCLOCK) for get_RCCCLOCK
    main.o(i.main) refers to fhc_thread.o(i.fhc_thread_pow_init) for fhc_thread_pow_init
    main.o(i.main) refers to fhc_thread.o(i.fhc_set_fan_speed) for fhc_set_fan_speed
    main.o(i.main) refers to thread.o(i.rt_thread_mdelay) for rt_thread_mdelay
    main.o(i.main) refers to printf1.o(i.__0printf$1) for __2printf
    main.o(i.main) refers to stm32f1xx_hal_gpio.o(i.HAL_GPIO_WritePin) for HAL_GPIO_WritePin
    main.o(i.main) refers to main.o(i.fhc_power_down) for fhc_power_down
    main.o(i.main) refers to bsp_rtc.o(.bss) for hrtc
    main.o(i.main) refers to main.o(.data) for .data
    main.o(i.main) refers to fhc_thread.o(.data) for DP_PT100_temp
    fhc_thread.o(i.dp_thread_entry) refers to printf1.o(i.__0printf$1) for __2printf
    fhc_thread.o(i.dp_thread_entry) refers to thread.o(i.rt_thread_mdelay) for rt_thread_mdelay
    fhc_thread.o(i.dp_thread_entry) refers to bsp_hc595.o(i.HC595SendData) for HC595SendData
    fhc_thread.o(i.dp_thread_entry) refers to ffixi.o(.text) for __aeabi_f2iz
    fhc_thread.o(i.dp_thread_entry) refers to ffixui.o(.text) for __aeabi_f2uiz
    fhc_thread.o(i.dp_thread_entry) refers to uldiv.o(.text) for __aeabi_uldivmod
    fhc_thread.o(i.dp_thread_entry) refers to fmul.o(.text) for __aeabi_fmul
    fhc_thread.o(i.dp_thread_entry) refers to fhc_thread.o(.data) for .data
    fhc_thread.o(i.dp_thread_entry) refers to main.o(.data) for sw_start_stop_flag
    fhc_thread.o(i.fan_thread_entry) refers to thread.o(i.rt_thread_mdelay) for rt_thread_mdelay
    fhc_thread.o(i.fan_thread_entry) refers to printf1.o(i.__0printf$1) for __2printf
    fhc_thread.o(i.fan_thread_entry) refers to stm32f1xx_hal_gpio.o(i.HAL_GPIO_WritePin) for HAL_GPIO_WritePin
    fhc_thread.o(i.fhc_fan_thread_init) refers to thread.o(i.rt_thread_init) for rt_thread_init
    fhc_thread.o(i.fhc_fan_thread_init) refers to thread.o(i.rt_thread_startup) for rt_thread_startup
    fhc_thread.o(i.fhc_fan_thread_init) refers to fhc_thread.o(.bss) for .bss
    fhc_thread.o(i.fhc_fan_thread_init) refers to fhc_thread.o(i.fan_thread_entry) for fan_thread_entry
    fhc_thread.o(i.fhc_hot_thread_init) refers to thread.o(i.rt_thread_init) for rt_thread_init
    fhc_thread.o(i.fhc_hot_thread_init) refers to thread.o(i.rt_thread_startup) for rt_thread_startup
    fhc_thread.o(i.fhc_hot_thread_init) refers to fhc_thread.o(.bss) for .bss
    fhc_thread.o(i.fhc_hot_thread_init) refers to fhc_thread.o(i.hot_thread_entry) for hot_thread_entry
    fhc_thread.o(i.fhc_set_fan_speed) refers to f2d.o(.text) for __aeabi_f2d
    fhc_thread.o(i.fhc_set_fan_speed) refers to dscalb.o(.text) for __ARM_scalbn
    fhc_thread.o(i.fhc_set_fan_speed) refers to ddiv.o(.text) for __aeabi_ddiv
    fhc_thread.o(i.fhc_set_fan_speed) refers to dfixui.o(.text) for __aeabi_d2uiz
    fhc_thread.o(i.fhc_set_fan_speed) refers to bsp_dac.o(i.set_dac_val) for set_dac_val
    fhc_thread.o(i.fhc_thread_init) refers to timer.o(i.rt_timer_init) for rt_timer_init
    fhc_thread.o(i.fhc_thread_init) refers to thread.o(i.rt_thread_init) for rt_thread_init
    fhc_thread.o(i.fhc_thread_init) refers to thread.o(i.rt_thread_startup) for rt_thread_startup
    fhc_thread.o(i.fhc_thread_init) refers to timer.o(i.rt_timer_start) for rt_timer_start
    fhc_thread.o(i.fhc_thread_init) refers to fhc_thread.o(i.soft_timeout1) for soft_timeout1
    fhc_thread.o(i.fhc_thread_init) refers to fhc_thread.o(.bss) for .bss
    fhc_thread.o(i.fhc_thread_init) refers to fhc_thread.o(i.key_thread_entry) for key_thread_entry
    fhc_thread.o(i.fhc_thread_init) refers to fhc_thread.o(i.dp_thread_entry) for dp_thread_entry
    fhc_thread.o(i.fhc_thread_init) refers to fhc_thread.o(i.temp_thread_entry) for temp_thread_entry
    fhc_thread.o(i.fhc_thread_init) refers to fhc_thread.o(i.time_thread_entry) for time_thread_entry
[...]
    i.HAL_RCCEx_PeriphCLKConfig              0x080010a0   Section        0  stm32f1xx_hal_rcc_ex.o(i.HAL_RCCEx_PeriphCLKConfig)
    i.HAL_RCC_ClockConfig                    0x0800118c   Section        0  stm32f1xx_hal_rcc.o(i.HAL_RCC_ClockConfig)
    i.HAL_RCC_GetHCLKFreq                    0x080012b8   Section        0  stm32f1xx_hal_rcc.o(i.HAL_RCC_GetHCLKFreq)
    i.HAL_RCC_GetPCLK1Freq                   0x080012c4   Section        0  stm32f1xx_hal_rcc.o(i.HAL_RCC_GetPCLK1Freq)
    i.HAL_RCC_GetPCLK2Freq                   0x080012e4   Section        0  stm32f1xx_hal_rcc.o(i.HAL_RCC_GetPCLK2Freq)
    i.HAL_RCC_GetSysClockFreq                0x08001304   Section        0  stm32f1xx_hal_rcc.o(i.HAL_RCC_GetSysClockFreq)
    i.HAL_RCC_OscConfig                      0x08001370   Section        0  stm32f1xx_hal_rcc.o(i.HAL_RCC_OscConfig)
    i.HAL_RTCEx_RTCEventCallback             0x08001690   Section        0  bsp_rtc.o(i.HAL_RTCEx_RTCEventCallback)
    i.HAL_RTCEx_RTCEventErrorCallback        0x080016a0   Section        0  stm32f1xx_hal_rtc_ex.o(i.HAL_RTCEx_RTCEventErrorCallback)
    i.HAL_RTCEx_RTCIRQHandler                0x080016a2   Section        0  stm32f1xx_hal_rtc_ex.o(i.HAL_RTCEx_RTCIRQHandler)
    i.HAL_RTCEx_SetSecond_IT                 0x080016de   Section        0  stm32f1xx_hal_rtc_ex.o(i.HAL_RTCEx_SetSecond_IT)
    i.HAL_RTC_Init                           0x0800170c   Section        0  stm32f1xx_hal_rtc.o(i.HAL_RTC_Init)
    i.HAL_RTC_MspInit                        0x080017ac   Section        0  stm32f1xx_hal_msp.o(i.HAL_RTC_MspInit)
    i.HAL_RTC_WaitForSynchro                 0x080017e0   Section        0  stm32f1xx_hal_rtc.o(i.HAL_RTC_WaitForSynchro)
    i.HAL_SPI_Init                           0x0800181a   Section        0  stm32f1xx_hal_spi.o(i.HAL_SPI_Init)
    i.HAL_SPI_MspInit                        0x08001898   Section        0  stm32f1xx_hal_msp.o(i.HAL_SPI_MspInit)
    i.HAL_SPI_TransmitReceive                0x08001908   Section        0  stm32f1xx_hal_spi.o(i.HAL_SPI_TransmitReceive)
    i.HAL_SYSTICK_Config                     0x08001aea   Section        0  stm32f1xx_hal_cortex.o(i.HAL_SYSTICK_Config)
    i.HAL_UART_Init                          0x08001b12   Section        0  stm32f1xx_hal_uart.o(i.HAL_UART_Init)
    i.HAL_UART_MspInit                       0x08001b74   Section        0  stm32f1xx_hal_msp.o(i.HAL_UART_MspInit)
    i.HAL_UART_Transmit                      0x08001bf4   Section        0  stm32f1xx_hal_uart.o(i.HAL_UART_Transmit)
    i.HC595SendData                          0x08001cb0   Section        0  bsp_hc595.o(i.HC595SendData)
    i.MAX31865_Init                          0x08001d38   Section        0  bsp_max31856.o(i.MAX31865_Init)
    i.MAX31865_Read_Reg                      0x08001d54   Section        0  bsp_max31856.o(i.MAX31865_Read_Reg)
    i.MAX31865_Write_Reg                     0x08001d88   Section        0  bsp_max31856.o(i.MAX31865_Write_Reg)
    i.MX_DAC_Init                            0x08001dc0   Section        0  bsp_dac.o(i.MX_DAC_Init)
    i.MX_GPIO_Init                           0x08001dfc   Section        0  bsp_gpio.o(i.MX_GPIO_Init)
    i.MX_RTC_Init                            0x08001fb0   Section        0  bsp_rtc.o(i.MX_RTC_Init)
    i.MX_SPI3_Init                           0x08001fdc   Section        0  bsp_spi.o(i.MX_SPI3_Init)
    i.MX_USART1_UART_Init                    0x08002020   Section        0  bsp_uart.o(i.MX_USART1_UART_Init)
    i.Max31865_get_temp                      0x08002058   Section        0  bsp_max31856.o(i.Max31865_get_temp)
    i.MemManage_Handler                      0x08002214   Section        0  stm32f1xx_it.o(i.MemManage_Handler)
    i.NMI_Handler                            0x08002216   Section        0  stm32f1xx_it.o(i.NMI_Handler)
    i.RTC_EnterInitMode                      0x08002218   Section        0  stm32f1xx_hal_rtc.o(i.RTC_EnterInitMode)
    RTC_EnterInitMode                        0x08002219   Thumb Code    52  stm32f1xx_hal_rtc.o(i.RTC_EnterInitMode)
    i.RTC_ExitInitMode                       0x0800224c   Section        0  stm32f1xx_hal_rtc.o(i.RTC_ExitInitMode)
    RTC_ExitInitMode                         0x0800224d   Thumb Code    54  stm32f1xx_hal_rtc.o(i.RTC_ExitInitMode)
    i.RTC_IRQHandler                         0x08002284   Section        0  stm32f1xx_it.o(i.RTC_IRQHandler)
    i.SPI3_ReadWriteByte                     0x08002290   Section        0  bsp_max31856.o(i.SPI3_ReadWriteByte)
    i.SPI_EndRxTxTransaction                 0x080022b8   Section        0  stm32f1xx_hal_spi.o(i.SPI_EndRxTxTransaction)
    SPI_EndRxTxTransaction                   0x080022b9   Thumb Code    32  stm32f1xx_hal_spi.o(i.SPI_EndRxTxTransaction)
    i.SPI_WaitFlagStateUntilTimeout          0x080022d8   Section        0  stm32f1xx_hal_spi.o(i.SPI_WaitFlagStateUntilTimeout)
    SPI_WaitFlagStateUntilTimeout            0x080022d9   Thumb Code   148  stm32f1xx_hal_spi.o(i.SPI_WaitFlagStateUntilTimeout)
    i.SVC_Handler                            0x0800236c   Section        0  stm32f1xx_it.o(i.SVC_Handler)
    i.SysTick_Handler                        0x0800236e   Section        0  board.o(i.SysTick_Handler)
    i.SystemClock_Config                     0x08002380   Section        0  bsp_clock.o(i.SystemClock_Config)
    i.SystemCoreClockUpdate                  0x08002400   Section        0  system_stm32f1xx.o(i.SystemCoreClockUpdate)
    i.SystemInit                             0x08002468   Section        0  system_stm32f1xx.o(i.SystemInit)
    i.UART_SetConfig                         0x080024b0   Section        0  stm32f1xx_hal_uart.o(i.UART_SetConfig)
    UART_SetConfig                           0x080024b1   Thumb Code   178  stm32f1xx_hal_uart.o(i.UART_SetConfig)
    i.UART_WaitOnFlagUntilTimeout            0x08002568   Section        0  stm32f1xx_hal_uart.o(i.UART_WaitOnFlagUntilTimeout)
    UART_WaitOnFlagUntilTimeout              0x08002569   Thumb Code   100  stm32f1xx_hal_uart.o(i.UART_WaitOnFlagUntilTimeout)
    i.USART_PutChar                          0x080025cc   Section        0  bsp_uart.o(i.USART_PutChar)
    i.UsageFault_Handler                     0x080025e4   Section        0  stm32f1xx_it.o(i.UsageFault_Handler)
    i.__0printf$1                            0x080025e8   Section        0  printf1.o(i.__0printf$1)
    i.__NVIC_SetPriority                     0x08002608   Section        0  stm32f1xx_hal_cortex.o(i.__NVIC_SetPriority)
    __NVIC_SetPriority                       0x08002609   Thumb Code    32  stm32f1xx_hal_cortex.o(i.__NVIC_SetPriority)
    i.__rt_ffs                               0x08002628   Section        0  kservice.o(i.__rt_ffs)
    i.__scatterload_copy                     0x0800266c   Section       14  handlers.o(i.__scatterload_copy)
    i.__scatterload_null                     0x0800267a   Section        2  handlers.o(i.__scatterload_null)
    i.__scatterload_zeroinit                 0x0800267c   Section       14  handlers.o(i.__scatterload_zeroinit)
    i.__set_errno                            0x0800268c   Section        0  errno.o(i.__set_errno)
    i._has_defunct_thread                    0x08002698   Section        0  idle.o(i._has_defunct_thread)
    _has_defunct_thread                      0x08002699   Thumb Code    16  idle.o(i._has_defunct_thread)
    i._printf_core                           0x080026ac   Section        0  printf1.o(i._printf_core)
    _printf_core                             0x080026ad   Thumb Code   336  printf1.o(i._printf_core)
    i._rt_thread_init                        0x08002800   Section        0  thread.o(i._rt_thread_init)
    _rt_thread_init                          0x08002801   Thumb Code   118  thread.o(i._rt_thread_init)
    i._rt_timer_remove                       0x08002880   Section        0  timer.o(i._rt_timer_remove)
    _rt_timer_remove                         0x08002881   Thumb Code    18  timer.o(i._rt_timer_remove)
    i.dp_thread_entry                        0x08002894   Section        0  fhc_thread.o(i.dp_thread_entry)
    i.fhc_power_down                         0x08002ae4   Section        0  main.o(i.fhc_power_down)
    i.fhc_set_fan_speed                      0x08002b98   Section        0  fhc_thread.o(i.fhc_set_fan_speed)
    i.fhc_thread_init                        0x08002bcc   Section        0  fhc_thread.o(i.fhc_thread_init)
    i.fhc_thread_pow_init                    0x08002ce4   Section        0  fhc_thread.o(i.fhc_thread_pow_init)
    i.fputc                                  0x08002d20   Section        0  bsp_uart.o(i.fputc)
    i.get_RCCCLOCK                           0x08002d30   Section        0  bsp_clock.o(i.get_RCCCLOCK)
    i.key_thread_entry                       0x08002dac   Section        0  fhc_thread.o(i.key_thread_entry)
    i.main                                   0x080031b4   Section        0  main.o(i.main)
    i.main_thread_entry                      0x080035e8   Section        0  components.o(i.main_thread_entry)
    i.pow_thread_entry                       0x080035f8   Section        0  fhc_thread.o(i.pow_thread_entry)
    i.print_number                           0x080036f4   Section        0  kservice.o(i.print_number)
    print_number                             0x080036f5   Thumb Code   300  kservice.o(i.print_number)
    i.rt_application_init                    0x08003824   Section        0  components.o(i.rt_application_init)
    i.rt_components_board_init               0x08003860   Section        0  components.o(i.rt_components_board_init)
    i.rt_components_init                     0x0800387c   Section        0  components.o(i.rt_components_init)
    i.rt_enter_critical                      0x08003898   Section        0  scheduler.o(i.rt_enter_critical)
    i.rt_exit_critical                       0x080038b4   Section        0  scheduler.o(i.rt_exit_critical)
    i.rt_hw_board_init                       0x080038ec   Section        0  board.o(i.rt_hw_board_init)
    i.rt_hw_console_output                   0x0800392c   Section        0  kservice.o(i.rt_hw_console_output)
    i.rt_hw_hard_fault_exception             0x0800395c   Section        0  cpuport.o(i.rt_hw_hard_fault_exception)
    i.rt_hw_stack_init                       0x08003b50   Section        0  cpuport.o(i.rt_hw_stack_init)
    i.rt_interrupt_enter                     0x08003b88   Section        0  irq.o(i.rt_interrupt_enter)
    i.rt_interrupt_leave                     0x08003ba4   Section        0  irq.o(i.rt_interrupt_leave)
    i.rt_kprintf                             0x08003bc0   Section        0  kservice.o(i.rt_kprintf)
    i.rt_list_insert_after                   0x08003be0   Section        0  thread.o(i.rt_list_insert_after)
    rt_list_insert_after                     0x08003be1   Thumb Code    14  thread.o(i.rt_list_insert_after)
    i.rt_list_insert_after                   0x08003bee   Section        0  timer.o(i.rt_list_insert_after)
    rt_list_insert_after                     0x08003bef   Thumb Code    14  timer.o(i.rt_list_insert_after)
    i.rt_list_remove                         0x08003bfc   Section        0  thread.o(i.rt_list_remove)
    rt_list_remove                           0x08003bfd   Thumb Code    18  thread.o(i.rt_list_remove)
    i.rt_memset                              0x08003c10   Section        0  kservice.o(i.rt_memset)
    i.rt_object_detach                       0x08003c56   Section        0  object.o(i.rt_object_detach)
    i.rt_object_get_information              0x08003c7c   Section        0  object.o(i.rt_object_get_information)
    i.rt_object_init                         0x08003ca0   Section        0  object.o(i.rt_object_init)
    i.rt_object_is_systemobject              0x08003cf2   Section        0  object.o(i.rt_object_is_systemobject)
    i.rt_schedule                            0x08003d00   Section        0  scheduler.o(i.rt_schedule)
    i.rt_schedule_insert_thread              0x08003d58   Section        0  scheduler.o(i.rt_schedule_insert_thread)
    i.rt_schedule_remove_thread              0x08003da8   Section        0  scheduler.o(i.rt_schedule_remove_thread)
    i.rt_show_version                        0x08003df0   Section        0  kservice.o(i.rt_show_version)
    i.rt_soft_timer_check                    0x08003ea0   Section        0  timer.o(i.rt_soft_timer_check)
    i.rt_strlen                              0x08003f10   Section        0  kservice.o(i.rt_strlen)
    i.rt_strncpy                             0x08003f20   Section        0  kservice.o(i.rt_strncpy)
    i.rt_system_scheduler_init               0x08003f48   Section        0  scheduler.o(i.rt_system_scheduler_init)
    i.rt_system_scheduler_start              0x08003f7c   Section        0  scheduler.o(i.rt_system_scheduler_start)
    i.rt_system_timer_init                   0x08003fa4   Section        0  timer.o(i.rt_system_timer_init)
    i.rt_system_timer_thread_init            0x08003fb0   Section        0  timer.o(i.rt_system_timer_thread_init)
    i.rt_thread_delay                        0x08003ff4   Section        0  thread.o(i.rt_thread_delay)
    i.rt_thread_exit                         0x08003ff8   Section        0  thread.o(i.rt_thread_exit)
    i.rt_thread_idle_entry                   0x08004050   Section        0  idle.o(i.rt_thread_idle_entry)
    rt_thread_idle_entry                     0x08004051   Thumb Code     6  idle.o(i.rt_thread_idle_entry)
    i.rt_thread_idle_excute                  0x08004058   Section        0  idle.o(i.rt_thread_idle_excute)
    i.rt_thread_idle_init                    0x080040c4   Section        0  idle.o(i.rt_thread_idle_init)
    i.rt_thread_init                         0x080040fc   Section        0  thread.o(i.rt_thread_init)
    i.rt_thread_mdelay                       0x0800412c   Section        0  thread.o(i.rt_thread_mdelay)
    i.rt_thread_resume                       0x0800413a   Section        0  thread.o(i.rt_thread_resume)
    i.rt_thread_self                         0x08004178   Section        0  thread.o(i.rt_thread_self)
    i.rt_thread_sleep                        0x08004184   Section        0  thread.o(i.rt_thread_sleep)
    i.rt_thread_startup                      0x080041c4   Section        0  thread.o(i.rt_thread_startup)
    i.rt_thread_suspend                      0x080041f0   Section        0  thread.o(i.rt_thread_suspend)
    i.rt_thread_timeout                      0x08004232   Section        0  thread.o(i.rt_thread_timeout)
    i.rt_thread_timer_entry                  0x08004254   Section        0  timer.o(i.rt_thread_timer_entry)
    rt_thread_timer_entry                    0x08004255   Thumb Code    50  timer.o(i.rt_thread_timer_entry)
    i.rt_thread_yield                        0x0800428c   Section        0  thread.o(i.rt_thread_yield)
    i.rt_tick_from_millisecond               0x080042ec   Section        0  clock.o(i.rt_tick_from_millisecond)
    i.rt_tick_get                            0x08004320   Section        0  clock.o(i.rt_tick_get)
    i.rt_tick_increase                       0x0800432c   Section        0  clock.o(i.rt_tick_increase)
    i.rt_timer_check                         0x08004358   Section        0  timer.o(i.rt_timer_check)
    i.rt_timer_control                       0x080043c0   Section        0  timer.o(i.rt_timer_control)
    i.rt_timer_detach                        0x080043f0   Section        0  timer.o(i.rt_timer_detach)
    i.rt_timer_init                          0x08004410   Section        0  timer.o(i.rt_timer_init)
    i.rt_timer_list_next_timeout             0x08004440   Section        0  timer.o(i.rt_timer_list_next_timeout)
    rt_timer_list_next_timeout               0x08004441   Thumb Code    16  timer.o(i.rt_timer_list_next_timeout)
    i.rt_timer_start                         0x08004450   Section        0  timer.o(i.rt_timer_start)
    i.rt_timer_stop                          0x0800450c   Section        0  timer.o(i.rt_timer_stop)
    i.rt_vsnprintf                           0x0800453c   Section        0  kservice.o(i.rt_vsnprintf)
    i.rti_board_end                          0x080047b8   Section        0  components.o(i.rti_board_end)
    rti_board_end                            0x080047b9   Thumb Code     4  components.o(i.rti_board_end)
    i.rti_board_start                        0x080047bc   Section        0  components.o(i.rti_board_start)
    rti_board_start                          0x080047bd   Thumb Code     4  components.o(i.rti_board_start)
    i.rti_end                                0x080047c0   Section        0  components.o(i.rti_end)
    rti_end                                  0x080047c1   Thumb Code     4  components.o(i.rti_end)
    i.rti_start                              0x080047c4   Section        0  components.o(i.rti_start)
    rti_start                                0x080047c5   Thumb Code     4  components.o(i.rti_start)
    i.rtthread_startup                       0x080047c8   Section        0  components.o(i.rtthread_startup)
    i.set_dac_val                            0x080047f4   Section        0  bsp_dac.o(i.set_dac_val)
    i.skip_atoi                              0x08004814   Section        0  kservice.o(i.skip_atoi)
    skip_atoi                                0x08004815   Thumb Code    40  kservice.o(i.skip_atoi)
    i.soft_timeout1                          0x0800483c   Section        0  fhc_thread.o(i.soft_timeout1)
    i.sqrt                                   0x0800483e   Section        0  sqrt.o(i.sqrt)
    i.temp_thread_entry                      0x0800488c   Section        0  fhc_thread.o(i.temp_thread_entry)
    i.time_thread_entry                      0x080048e8   Section        0  fhc_thread.o(i.time_thread_entry)
    .constdata                               0x0800498c   Section       16  system_stm32f1xx.o(.constdata)
    .constdata                               0x0800499c   Section        8  system_stm32f1xx.o(.constdata)
    .constdata                               0x080049a4   Section      290  kservice.o(.constdata)
    small_digits                             0x08004aa4   Data          17  kservice.o(.constdata)
    large_digits                             0x08004ab5   Data          17  kservice.o(.constdata)
    .rti_fn.0                                0x08004ac8   Section        4  components.o(.rti_fn.0)
    __tagsym$$used                           0x08004ac8   Number         0  components.o(.rti_fn.0)
    .rti_fn.0.end                            0x08004acc   Section        4  components.o(.rti_fn.0.end)
    __tagsym$$used                           0x08004acc   Number         0  components.o(.rti_fn.0.end)
    .rti_fn.1.end                            0x08004ad0   Section        4  components.o(.rti_fn.1.end)
    __tagsym$$used                           0x08004ad0   Number         0  components.o(.rti_fn.1.end)
    .rti_fn.6.end                            0x08004ad4   Section        4  components.o(.rti_fn.6.end)
    __tagsym$$used                           0x08004ad4   Number         0  components.o(.rti_fn.6.end)
    .data                                    0x20000000   Section        4  main.o(.data)
    .data                                    0x20000004   Section       24  main.o(.data)
    .data                                    0x2000001c   Section        8  fhc_thread.o(.data)
    SET_time_hour                            0x2000001c   Data           1  fhc_thread.o(.data)
    DP_time_hour                             0x2000001d   Data           1  fhc_thread.o(.data)
    DP_time_min                              0x2000001e   Data           1  fhc_thread.o(.data)
    .data                                    0x20000024   Section       12  stm32f1xx_hal.o(.data)
    .data                                    0x20000030   Section        4  system_stm32f1xx.o(.data)
    .data                                    0x20000034   Section        4  clock.o(.data)
    rt_tick                                  0x20000034   Data           4  clock.o(.data)
    .data                                    0x20000038   Section        4  cpuport.o(.data)
    rt_exception_hook                        0x20000038   Data           4  cpuport.o(.data)
    .data                                    0x2000003c   Section        4  cpuport.o(.data)
    .data                                    0x20000040   Section        4  cpuport.o(.data)
    .data                                    0x20000044   Section        4  cpuport.o(.data)
    .data                                    0x20000048   Section        1  irq.o(.data)
    .data                                    0x2000004c   Section       80  object.o(.data)
    rt_object_container                      0x2000004c   Data          80  object.o(.data)
    .data                                    0x2000009c   Section       20  scheduler.o(.data)
    rt_scheduler_lock_nest                   0x2000009e   Data           2  scheduler.o(.data)
    .data                                    0x200000b0   Section       20  timer.o(.data)
    random_nr                                0x200000b0   Data           4  timer.o(.data)
    rt_timer_list                            0x200000b4   Data           8  timer.o(.data)
    rt_soft_timer_list                       0x200000bc   Data           8  timer.o(.data)
    .data                                    0x200000c4   Section        4  stdout.o(.data)
    .data                                    0x200000c8   Section        4  errno.o(.data)
    _errno                                   0x200000c8   Data           4  errno.o(.data)
    .bss                                     0x200000cc   Section     4468  fhc_thread.o(.bss)
    td_timer1                                0x200000cc   Data          44  fhc_thread.o(.bss)
    pow_thread                               0x200000f8   Data         120  fhc_thread.o(.bss)
    pow_thread_stack                         0x20000170   Data         512  fhc_thread.o(.bss)
    key_thread                               0x20000370   Data         120  fhc_thread.o(.bss)
    key_thread_stack                         0x200003e8   Data         512  fhc_thread.o(.bss)
    dp_thread                                0x200005e8   Data         120  fhc_thread.o(.bss)
    dp_thread_stack                          0x20000660   Data         512  fhc_thread.o(.bss)
    temp_thread                              0x20000860   Data         120  fhc_thread.o(.bss)
    temp_thread_stack                        0x200008d8   Data         512  fhc_thread.o(.bss)
    time_thread                              0x20000ad8   Data         120  fhc_thread.o(.bss)
    time_thread_stack                        0x20000b50   Data         512  fhc_thread.o(.bss)
    hot_thread                               0x20000d50   Data         120  fhc_thread.o(.bss)
    hot_thread_stack                         0x20000dc8   Data         512  fhc_thread.o(.bss)
    fan_thread                               0x20000fc8   Data         120  fhc_thread.o(.bss)
    fan_thread_stack                         0x20001040   Data         512  fhc_thread.o(.bss)
    .bss                                     0x20001240   Section       20  bsp_dac.o(.bss)
    .bss                                     0x20001254   Section       20  bsp_rtc.o(.bss)
    .bss                                     0x20001268   Section       88  bsp_spi.o(.bss)
    .bss                                     0x200012c0   Section       64  bsp_uart.o(.bss)
    .bss                                     0x20001300   Section     1144  components.o(.bss)
    main_stack                               0x20001300   Data        1024  components.o(.bss)
    .bss                                     0x20001778   Section      248  idle.o(.bss)
    idle                                     0x20001778   Data         120  idle.o(.bss)
    rt_thread_stack                          0x200017f0   Data         128  idle.o(.bss)
    .bss                                     0x20001870   Section      128  kservice.o(.bss)
    rt_log_buf                               0x20001870   Data         128  kservice.o(.bss)
    .bss                                     0x200018f0   Section      256  scheduler.o(.bss)
    .bss                                     0x200019f0   Section      632  timer.o(.bss)
    timer_thread                             0x200019f0   Data         120  timer.o(.bss)
    timer_thread_stack                       0x20001a68   Data         512  timer.o(.bss)
    STACK                                    0x20001c68   Section     2048  startup_stm32f103xe.o(STACK)

    Global Symbols

    Symbol Name                              Value     Ov Type        Size  Object(Section)

    BuildAttributes$$THM_ISAv4$P$D$K$B$S$PE$A:L22UL41UL21$X:L11$S22US41US21$IEEE1$IW$USESV6$~STKCKD$USESV7$~SHL$OTIME$ROPI$IEEEJ$EBA8$MICROLIB$REQ8$PRES8$EABIv2 0x00000000   Number         0  anon$$obj.o ABSOLUTE
    __ARM_use_no_argv                        0x00000000   Number         0  main.o ABSOLUTE
    _printf_a                                0x00000000   Number         0  stubs.o ABSOLUTE
    _printf_c                                0x00000000   Number         0  stubs.o ABSOLUTE
    _printf_charcount                        0x00000000   Number         0  stubs.o ABSOLUTE
    _printf_d                                0x00000000   Number         0  stubs.o ABSOLUTE
    _printf_e                                0x00000000   Number         0  stubs.o ABSOLUTE
    _printf_f                                0x00000000   Number         0  stubs.o ABSOLUTE
    _printf_flags                            0x00000000   Number         0  stubs.o ABSOLUTE
    _printf_fp_dec                           0x00000000   Number         0  stubs.o ABSOLUTE
    _printf_fp_hex                           0x00000000   Number         0  stubs.o ABSOLUTE
    _printf_g                                0x00000000   Number         0  stubs.o ABSOLUTE
    _printf_i                                0x00000000   Number         0  stubs.o ABSOLUTE
    _printf_int_dec                          0x00000000   Number         0  stubs.o ABSOLUTE
    _printf_l                                0x00000000   Number         0  stubs.o ABSOLUTE
    _printf_lc                               0x00000000   Number         0  stubs.o ABSOLUTE
    _printf_ll                               0x00000000   Number         0  stubs.o ABSOLUTE
    _printf_lld                              0x00000000   Number         0  stubs.o ABSOLUTE
    _printf_lli                              0x00000000   Number         0  stubs.o ABSOLUTE
    _printf_llo                              0x00000000   Number         0  stubs.o ABSOLUTE
    _printf_llu                              0x00000000   Number         0  stubs.o ABSOLUTE
    _printf_llx                              0x00000000   Number         0  stubs.o ABSOLUTE
    _printf_longlong_dec                     0x00000000   Number         0  stubs.o ABSOLUTE
    _printf_longlong_hex                     0x00000000   Number         0  stubs.o ABSOLUTE
    _printf_longlong_oct                     0x00000000   Number         0  stubs.o ABSOLUTE
    _printf_ls                               0x00000000   Number         0  stubs.o ABSOLUTE
    _printf_mbtowc                           0x00000000   Number         0  stubs.o ABSOLUTE
    _printf_n                                0x00000000   Number         0  stubs.o ABSOLUTE
    _printf_o                                0x00000000   Number         0  stubs.o ABSOLUTE
    _printf_p                                0x00000000   Number         0  stubs.o ABSOLUTE
    _printf_percent                          0x00000000   Number         0  stubs.o ABSOLUTE
    _printf_pre_padding                      0x00000000   Number         0  stubs.o ABSOLUTE
    _printf_return_value                     0x00000000   Number         0  stubs.o ABSOLUTE
    _printf_s                                0x00000000   Number         0  stubs.o ABSOLUTE
    _printf_sizespec                         0x00000000   Number         0  stubs.o ABSOLUTE
    _printf_str                              0x00000000   Number         0  stubs.o ABSOLUTE
    _printf_truncate_signed                  0x00000000   Number         0  stubs.o ABSOLUTE
    _printf_truncate_unsigned                0x00000000   Number         0  stubs.o ABSOLUTE
    _printf_u                                0x00000000   Number         0  stubs.o ABSOLUTE
    _printf_wc                               0x00000000   Number         0  stubs.o ABSOLUTE
    _printf_wctomb                           0x00000000   Number         0  stubs.o ABSOLUTE
    _printf_widthprec                        0x00000000   Number         0  stubs.o ABSOLUTE
    _printf_x                                0x00000000   Number         0  stubs.o ABSOLUTE
    __arm_fini_                               - Undefined Weak Reference
    __cpp_initialize__aeabi_                  - Undefined Weak Reference
    __cxa_finalize                            - Undefined Weak Reference
    __decompress                              - Undefined Weak Reference
    _clock_init                               - Undefined Weak Reference
    _microlib_exit                            - Undefined Weak Reference
    __Vectors_Size                           0x00000130   Number         0  startup_stm32f103xe.o ABSOLUTE
    __Vectors                                0x08000000   Data           4  startup_stm32f103xe.o(RESET)
    __Vectors_End                            0x08000130   Data           0  startup_stm32f103xe.o(RESET)
    __main                                   0x08000131   Thumb Code     0  entry.o(.ARM.Collect$$$$00000000)
    _main_stk                                0x08000131   Thumb Code     0  entry2.o(.ARM.Collect$$$$00000001)
    _main_scatterload                        0x08000135   Thumb Code     0  entry5.o(.ARM.Collect$$$$00000004)
    __main_after_scatterload                 0x08000139   Thumb Code     0  entry5.o(.ARM.Collect$$$$00000004)
    _main_clock                              0x08000139   Thumb Code     0  entry7b.o(.ARM.Collect$$$$00000008)
    _main_cpp_init                           0x08000139   Thumb Code     0  entry8b.o(.ARM.Collect$$$$0000000A)
    _main_init                               0x08000139   Thumb Code     0  entry9a.o(.ARM.Collect$$$$0000000B)
    __rt_lib_shutdown_fini                   0x08000141   Thumb Code     0  entry12b.o(.ARM.Collect$$$$0000000E)
    __rt_final_cpp                           0x08000145   Thumb Code     0  entry10a.o(.ARM.Collect$$$$0000000F)
    __rt_final_exit                          0x08000145   Thumb Code     0  entry11a.o(.ARM.Collect$$$$00000011)
    Reset_Handler                            0x08000149   Thumb Code     8  startup_stm32f103xe.o(.text)
    ADC1_2_IRQHandler                        0x08000163   Thumb Code     0  startup_stm32f103xe.o(.text)
    ADC3_IRQHandler                          0x08000163   Thumb Code     0  startup_stm32f103xe.o(.text)
    CAN1_RX1_IRQHandler                      0x08000163   Thumb Code     0  startup_stm32f103xe.o(.text)
    CAN1_SCE_IRQHandler                      0x08000163   Thumb Code     0  startup_stm32f103xe.o(.text)
    DMA1_Channel1_IRQHandler                 0x08000163   Thumb Code     0  startup_stm32f103xe.o(.text)
    DMA1_Channel2_IRQHandler                 0x08000163   Thumb Code     0  startup_stm32f103xe.o(.text)
    DMA1_Channel3_IRQHandler                 0x08000163   Thumb Code     0  startup_stm32f103xe.o(.text)
    DMA1_Channel4_IRQHandler                 0x08000163   Thumb Code     0  startup_stm32f103xe.o(.text)
    DMA1_Channel5_IRQHandler                 0x08000163   Thumb Code     0  startup_stm32f103xe.o(.text)
    DMA1_Channel6_IRQHandler                 0x08000163   Thumb Code     0  startup_stm32f103xe.o(.text)
    DMA1_Channel7_IRQHandler                 0x08000163   Thumb Code     0  startup_stm32f103xe.o(.text)
    DMA2_Channel1_IRQHandler                 0x08000163   Thumb Code     0  startup_stm32f103xe.o(.text)
    DMA2_Channel2_IRQHandler                 0x08000163   Thumb Code     0  startup_stm32f103xe.o(.text)
    DMA2_Channel3_IRQHandler                 0x08000163   Thumb Code     0  startup_stm32f103xe.o(.text)
    DMA2_Channel4_5_IRQHandler               0x08000163   Thumb Code     0  startup_stm32f103xe.o(.text)
    EXTI0_IRQHandler                         0x08000163   Thumb Code     0  startup_stm32f103xe.o(.text)
    EXTI15_10_IRQHandler                     0x08000163   Thumb Code     0  startup_stm32f103xe.o(.text)
    EXTI1_IRQHandler                         0x08000163   Thumb Code     0  startup_stm32f103xe.o(.text)
    EXTI2_IRQHandler                         0x08000163   Thumb Code     0  startup_stm32f103xe.o(.text)
    EXTI3_IRQHandler                         0x08000163   Thumb Code     0  startup_stm32f103xe.o(.text)
    EXTI4_IRQHandler                         0x08000163   Thumb Code     0  startup_stm32f103xe.o(.text)
    EXTI9_5_IRQHandler                       0x08000163   Thumb Code     0  startup_stm32f103xe.o(.text)
    FLASH_IRQHandler                         0x08000163   Thumb Code     0  startup_stm32f103xe.o(.text)
    FSMC_IRQHandler                          0x08000163   Thumb Code     0  startup_stm32f103xe.o(.text)
    I2C1_ER_IRQHandler                       0x08000163   Thumb Code     0  startup_stm32f103xe.o(.text)
    I2C1_EV_IRQHandler                       0x08000163   Thumb Code     0  startup_stm32f103xe.o(.text)
    I2C2_ER_IRQHandler                       0x08000163   Thumb Code     0  startup_stm32f103xe.o(.text)
    I2C2_EV_IRQHandler                       0x08000163   Thumb Code     0  startup_stm32f103xe.o(.text)
    PVD_IRQHandler                           0x08000163   Thumb Code     0  startup_stm32f103xe.o(.text)
    RCC_IRQHandler                           0x08000163   Thumb Code     0  startup_stm32f103xe.o(.text)
    RTC_Alarm_IRQHandler                     0x08000163   Thumb Code     0  startup_stm32f103xe.o(.text)
    SDIO_IRQHandler                          0x08000163   Thumb Code     0  startup_stm32f103xe.o(.text)
    SPI1_IRQHandler                          0x08000163   Thumb Code     0  startup_stm32f103xe.o(.text)
    SPI2_IRQHandler                          0x08000163   Thumb Code     0  startup_stm32f103xe.o(.text)
    SPI3_IRQHandler                          0x08000163   Thumb Code     0  startup_stm32f103xe.o(.text)
    TAMPER_IRQHandler                        0x08000163   Thumb Code     0  startup_stm32f103xe.o(.text)
    TIM1_BRK_IRQHandler                      0x08000163   Thumb Code     0  startup_stm32f103xe.o(.text)
    TIM1_CC_IRQHandler                       0x08000163   Thumb Code     0  startup_stm32f103xe.o(.text)
    TIM1_TRG_COM_IRQHandler                  0x08000163   Thumb Code     0  startup_stm32f103xe.o(.text)
    TIM1_UP_IRQHandler                       0x08000163   Thumb Code     0  startup_stm32f103xe.o(.text)
    TIM2_IRQHandler                          0x08000163   Thumb Code     0  startup_stm32f103xe.o(.text)
    TIM3_IRQHandler                          0x08000163   Thumb Code     0  startup_stm32f103xe.o(.text)
    TIM4_IRQHandler                          0x08000163   Thumb Code     0  startup_stm32f103xe.o(.text)
    TIM5_IRQHandler                          0x08000163   Thumb Code     0  startup_stm32f103xe.o(.text)
    TIM6_IRQHandler                          0x08000163   Thumb Code     0  startup_stm32f103xe.o(.text)
    TIM7_IRQHandler                          0x08000163   Thumb Code     0  startup_stm32f103xe.o(.text)
    TIM8_BRK_IRQHandler                      0x08000163   Thumb Code     0  startup_stm32f103xe.o(.text)
    TIM8_CC_IRQHandler                       0x08000163   Thumb Code     0  startup_stm32f103xe.o(.text)
    TIM8_TRG_COM_IRQHandler                  0x08000163   Thumb Code     0  startup_stm32f103xe.o(.text)
    TIM8_UP_IRQHandler                       0x08000163   Thumb Code     0  startup_stm32f103xe.o(.text)
    UART4_IRQHandler                         0x08000163   Thumb Code     0  startup_stm32f103xe.o(.text)
    UART5_IRQHandler                         0x08000163   Thumb Code     0  startup_stm32f103xe.o(.text)
    USART1_IRQHandler                        0x08000163   Thumb Code     0  startup_stm32f103xe.o(.text)
    USART2_IRQHandler                        0x08000163   Thumb Code     0  startup_stm32f103xe.o(.text)
    USART3_IRQHandler                        0x08000163   Thumb Code     0  startup_stm32f103xe.o(.text)
    USBWakeUp_IRQHandler                     0x08000163   Thumb Code     0  startup_stm32f103xe.o(.text)
    USB_HP_CAN1_TX_IRQHandler                0x08000163   Thumb Code     0  startup_stm32f103xe.o(.text)
    USB_LP_CAN1_RX0_IRQHandler               0x08000163   Thumb Code     0  startup_stm32f103xe.o(.text)
    WWDG_IRQHandler                          0x08000163   Thumb Code     0  startup_stm32f103xe.o(.text)
    rt_hw_interrupt_disable                  0x0800016d   Thumb Code     8  context_rvds.o(.text)
    rt_hw_interrupt_enable                   0x08000175   Thumb Code     6  context_rvds.o(.text)
    rt_hw_context_switch                     0x0800017b   Thumb Code    32  context_rvds.o(.text)
    rt_hw_context_switch_interrupt           0x0800017b   Thumb Code     0  context_rvds.o(.text)
    PendSV_Handler                           0x0800019b   Thumb Code    60  context_rvds.o(.text)
    rt_hw_context_switch_to                  0x080001d7   Thumb Code    58  context_rvds.o(.text)
    rt_hw_interrupt_thread_switch            0x08000211   Thumb Code     2  context_rvds.o(.text)
    HardFault_Handler                        0x08000213   Thumb Code    52  context_rvds.o(.text)
    __aeabi_uldivmod                         0x08000261   Thumb Code    98  uldiv.o(.text)
    __aeabi_llsr                             0x080002c3   Thumb Code    32  llushr.o(.text)
    _ll_ushift_r                             0x080002c3   Thumb Code     0  llushr.o(.text)
    __aeabi_memset                           0x080002e3   Thumb Code    14  memseta.o(.text)
    __aeabi_memset4                          0x080002e3   Thumb Code     0  memseta.o(.text)
    __aeabi_memset8                          0x080002e3   Thumb Code     0  memseta.o(.text)
    __aeabi_memclr                           0x080002f1   Thumb Code     4  memseta.o(.text)
    __aeabi_memclr4                          0x080002f1   Thumb Code     0  memseta.o(.text)
    __aeabi_memclr8                          0x080002f1   Thumb Code     0  memseta.o(.text)
    _memset$wrapper                          0x080002f5   Thumb Code    18  memseta.o(.text)
    __aeabi_fadd                             0x08000307   Thumb Code   164  fadd.o(.text)
    __aeabi_fsub                             0x080003ab   Thumb Code     6  fadd.o(.text)
    __aeabi_frsub                            0x080003b1   Thumb Code     6  fadd.o(.text)
    __aeabi_fmul                             0x080003b7   Thumb Code   100  fmul.o(.text)
    __aeabi_fdiv                             0x0800041b   Thumb Code   124  fdiv.o(.text)
    __ARM_scalbnf                            0x08000497   Thumb Code    24  fscalb.o(.text)
    scalbnf                                  0x08000497   Thumb Code     0  fscalb.o(.text)
    __aeabi_dadd                             0x080004af   Thumb Code   322  dadd.o(.text)
    __aeabi_dsub                             0x080005f1   Thumb Code     6  dadd.o(.text)
    __aeabi_drsub                            0x080005f7   Thumb Code     6  dadd.o(.text)
    __aeabi_dmul                             0x080005fd   Thumb Code   228  dmul.o(.text)
    __aeabi_ddiv                             0x080006e1   Thumb Code   222  ddiv.o(.text)
    __ARM_scalbn                             0x080007bf   Thumb Code    46  dscalb.o(.text)
    scalbn                                   0x080007bf   Thumb Code     0  dscalb.o(.text)
    __aeabi_ui2d                             0x080007ed   Thumb Code    26  dfltui.o(.text)
    __aeabi_f2iz                             0x08000807   Thumb Code    50  ffixi.o(.text)
    __aeabi_f2uiz                            0x08000839   Thumb Code    40  ffixui.o(.text)
    __aeabi_d2uiz                            0x08000861   Thumb Code    50  dfixui.o(.text)
    __aeabi_f2d                              0x08000893   Thumb Code    38  f2d.o(.text)
    __aeabi_d2f                              0x080008b9   Thumb Code    56  d2f.o(.text)
    __aeabi_uidiv                            0x080008f1   Thumb Code     0  uidiv.o(.text)
    __aeabi_uidivmod                         0x080008f1   Thumb Code    44  uidiv.o(.text)
    __aeabi_llsl                             0x0800091d   Thumb Code    30  llshl.o(.text)
    _ll_shift_l                              0x0800091d   Thumb Code     0  llshl.o(.text)
    __aeabi_lasr                             0x0800093b   Thumb Code    36  llsshr.o(.text)
    _ll_sshift_r                             0x0800093b   Thumb Code     0  llsshr.o(.text)
    __I$use$fp                               0x0800095f   Thumb Code     0  iusefp.o(.text)
    _float_round                             0x0800095f   Thumb Code    18  fepilogue.o(.text)
    _float_epilogue                          0x08000971   Thumb Code    92  fepilogue.o(.text)
    _double_round                            0x080009cd   Thumb Code    30  depilogue.o(.text)
    _double_epilogue                         0x080009eb   Thumb Code   156  depilogue.o(.text)
    _dsqrt                                   0x08000a87   Thumb Code   162  dsqrt.o(.text)
    __scatterload                            0x08000b29   Thumb Code    28  init.o(.text)
    __scatterload_rt2                        0x08000b29   Thumb Code     0  init.o(.text)
    main                                     0x08000b4d   Thumb Code    10  components.o(i.$Sub$$main)
    BusFault_Handler                         0x08000b57   Thumb Code     2  stm32f1xx_it.o(i.BusFault_Handler)
    DebugMon_Handler                         0x08000b59   Thumb Code     2  stm32f1xx_it.o(i.DebugMon_Handler)
    Error_Handler                            0x08000b5b   Thumb Code     2  main.o(i.Error_Handler)
    HAL_DAC_ConfigChannel                    0x08000b5d   Thumb Code    78  stm32f1xx_hal_dac.o(i.HAL_DAC_ConfigChannel)
    HAL_DAC_Init                             0x08000bab   Thumb Code    40  stm32f1xx_hal_dac.o(i.HAL_DAC_Init)
    HAL_DAC_MspInit                          0x08000bd5   Thumb Code    76  stm32f1xx_hal_msp.o(i.HAL_DAC_MspInit)
    HAL_DAC_SetValue                         0x08000c2d   Thumb Code    26  stm32f1xx_hal_dac.o(i.HAL_DAC_SetValue)
    HAL_DAC_Start                            0x08000c47   Thumb Code    92  stm32f1xx_hal_dac.o(i.HAL_DAC_Start)
    HAL_GPIO_Init                            0x08000ca5   Thumb Code   462  stm32f1xx_hal_gpio.o(i.HAL_GPIO_Init)
    HAL_GPIO_ReadPin                         0x08000e9d   Thumb Code    10  stm32f1xx_hal_gpio.o(i.HAL_GPIO_ReadPin)
    HAL_GPIO_WritePin                        0x08000ea7   Thumb Code    10  stm32f1xx_hal_gpio.o(i.HAL_GPIO_WritePin)
    HAL_GetTick                              0x08000eb1   Thumb Code     6  stm32f1xx_hal.o(i.HAL_GetTick)
    HAL_Init                                 0x08000ebd   Thumb Code    32  stm32f1xx_hal.o(i.HAL_Init)
    HAL_InitTick                             0x08000ee1   Thumb Code    54  stm32f1xx_hal.o(i.HAL_InitTick)
    HAL_MspInit                              0x08000f21   Thumb Code    52  stm32f1xx_hal_msp.o(i.HAL_MspInit)
    HAL_NVIC_SetPriority                     0x08000f5d   Thumb Code    60  stm32f1xx_hal_cortex.o(i.HAL_NVIC_SetPriority)
    HAL_NVIC_SetPriorityGrouping             0x08000f9d   Thumb Code    26  stm32f1xx_hal_cortex.o(i.HAL_NVIC_SetPriorityGrouping)
    HAL_PWR_EnableBkUpAccess                 0x08000fc1   Thumb Code     8  stm32f1xx_hal_pwr.o(i.HAL_PWR_EnableBkUpAccess)
    HAL_RCCEx_GetPeriphCLKFreq               0x08000fcd   Thumb Code   180  stm32f1xx_hal_rcc_ex.o(i.HAL_RCCEx_GetPeriphCLKFreq)
    HAL_RCCEx_PeriphCLKConfig                0x080010a1   Thumb Code   224  stm32f1xx_hal_rcc_ex.o(i.HAL_RCCEx_PeriphCLKConfig)
    HAL_RCC_ClockConfig                      0x0800118d   Thumb Code   280  stm32f1xx_hal_rcc.o(i.HAL_RCC_ClockConfig)
    HAL_RCC_GetHCLKFreq                      0x080012b9   Thumb Code     6  stm32f1xx_hal_rcc.o(i.HAL_RCC_GetHCLKFreq)
    HAL_RCC_GetPCLK1Freq                     0x080012c5   Thumb Code    20  stm32f1xx_hal_rcc.o(i.HAL_RCC_GetPCLK1Freq)
    HAL_RCC_GetPCLK2Freq                     0x080012e5   Thumb Code    20  stm32f1xx_hal_rcc.o(i.HAL_RCC_GetPCLK2Freq)
    HAL_RCC_GetSysClockFreq                  0x08001305   Thumb Code    74  stm32f1xx_hal_rcc.o(i.HAL_RCC_GetSysClockFreq)
    HAL_RCC_OscConfig                        0x08001371   Thumb Code   778  stm32f1xx_hal_rcc.o(i.HAL_RCC_OscConfig)
    HAL_RTCEx_RTCEventCallback               0x08001691   Thumb Code    10  bsp_rtc.o(i.HAL_RTCEx_RTCEventCallback)
    HAL_RTCEx_RTCEventErrorCallback          0x080016a1   Thumb Code     2  stm32f1xx_hal_rtc_ex.o(i.HAL_RTCEx_RTCEventErrorCallback)
    HAL_RTCEx_RTCIRQHandler                  0x080016a3   Thumb Code    60  stm32f1xx_hal_rtc_ex.o(i.HAL_RTCEx_RTCIRQHandler)
    HAL_RTCEx_SetSecond_IT                   0x080016df   Thumb Code    44  stm32f1xx_hal_rtc_ex.o(i.HAL_RTCEx_SetSecond_IT)
    HAL_RTC_Init                             0x0800170d   Thumb Code   154  stm32f1xx_hal_rtc.o(i.HAL_RTC_Init)
    HAL_RTC_MspInit                          0x080017ad   Thumb Code    40  stm32f1xx_hal_msp.o(i.HAL_RTC_MspInit)
    HAL_RTC_WaitForSynchro                   0x080017e1   Thumb Code    58  stm32f1xx_hal_rtc.o(i.HAL_RTC_WaitForSynchro)
    HAL_SPI_Init                             0x0800181b   Thumb Code   124  stm32f1xx_hal_spi.o(i.HAL_SPI_Init)
    HAL_SPI_MspInit                          0x08001899   Thumb Code    98  stm32f1xx_hal_msp.o(i.HAL_SPI_MspInit)
    HAL_SPI_TransmitReceive                  0x08001909   Thumb Code   482  stm32f1xx_hal_spi.o(i.HAL_SPI_TransmitReceive)
    HAL_SYSTICK_Config                       0x08001aeb   Thumb Code    40  stm32f1xx_hal_cortex.o(i.HAL_SYSTICK_Config)
    HAL_UART_Init                            0x08001b13   Thumb Code    98  stm32f1xx_hal_uart.o(i.HAL_UART_Init)
    HAL_UART_MspInit                         0x08001b75   Thumb Code   112  stm32f1xx_hal_msp.o(i.HAL_UART_MspInit)
    HAL_UART_Transmit                        0x08001bf5   Thumb Code   186  stm32f1xx_hal_uart.o(i.HAL_UART_Transmit)
    HC595SendData                            0x08001cb1   Thumb Code   132  bsp_hc595.o(i.HC595SendData)
    MAX31865_Init                            0x08001d39   Thumb Code    26  bsp_max31856.o(i.MAX31865_Init)
    MAX31865_Read_Reg                        0x08001d55   Thumb Code    48  bsp_max31856.o(i.MAX31865_Read_Reg)
    MAX31865_Write_Reg                       0x08001d89   Thumb Code    52  bsp_max31856.o(i.MAX31865_Write_Reg)
    MX_DAC_Init                              0x08001dc1   Thumb Code    50  bsp_dac.o(i.MX_DAC_Init)
    MX_GPIO_Init                             0x08001dfd   Thumb Code   420  bsp_gpio.o(i.MX_GPIO_Init)
    MX_RTC_Init                              0x08001fb1   Thumb Code    36  bsp_rtc.o(i.MX_RTC_Init)
    MX_SPI3_Init                             0x08001fdd   Thumb Code    60  bsp_spi.o(i.MX_SPI3_Init)
    MX_USART1_UART_Init                      0x08002021   Thumb Code    48  bsp_uart.o(i.MX_USART1_UART_Init)
    Max31865_get_temp                        0x08002059   Thumb Code   380  bsp_max31856.o(i.Max31865_get_temp)
    MemManage_Handler                        0x08002215   Thumb Code     2  stm32f1xx_it.o(i.MemManage_Handler)
    NMI_Handler                              0x08002217   Thumb Code     2  stm32f1xx_it.o(i.NMI_Handler)
    RTC_IRQHandler                           0x08002285   Thumb Code     6  stm32f1xx_it.o(i.RTC_IRQHandler)
    SPI3_ReadWriteByte                       0x08002291   Thumb Code    34  bsp_max31856.o(i.SPI3_ReadWriteByte)
    SVC_Handler                              0x0800236d   Thumb Code     2  stm32f1xx_it.o(i.SVC_Handler)
    SysTick_Handler                          0x0800236f   Thumb Code    18  board.o(i.SysTick_Handler)
    SystemClock_Config                       0x08002381   Thumb Code   128  bsp_clock.o(i.SystemClock_Config)
    SystemCoreClockUpdate                    0x08002401   Thumb Code    82  system_stm32f1xx.o(i.SystemCoreClockUpdate)
    SystemInit                               0x08002469   Thumb Code    56  system_stm32f1xx.o(i.SystemInit)
    USART_PutChar                            0x080025cd   Thumb Code    18  bsp_uart.o(i.USART_PutChar)
    UsageFault_Handler                       0x080025e5   Thumb Code     2  stm32f1xx_it.o(i.UsageFault_Handler)
    __0printf$1                              0x080025e9   Thumb Code    22  printf1.o(i.__0printf$1)
    __1printf$1                              0x080025e9   Thumb Code     0  printf1.o(i.__0printf$1)
    __2printf                                0x080025e9   Thumb Code     0  printf1.o(i.__0printf$1)
    __rt_ffs                                 0x08002629   Thumb Code    62  kservice.o(i.__rt_ffs)
    __scatterload_copy                       0x0800266d   Thumb Code    14  handlers.o(i.__scatterload_copy)
    __scatterload_null                       0x0800267b   Thumb Code     2  handlers.o(i.__scatterload_null)
    __scatterload_zeroinit                   0x0800267d   Thumb Code    14  handlers.o(i.__scatterload_zeroinit)
    __set_errno                              0x0800268d   Thumb Code     6  errno.o(i.__set_errno)
    dp_thread_entry                          0x08002895   Thumb Code   540  fhc_thread.o(i.dp_thread_entry)
    fhc_power_down                           0x08002ae5   Thumb Code   154  main.o(i.fhc_power_down)
    fhc_set_fan_speed                        0x08002b99   Thumb Code    44  fhc_thread.o(i.fhc_set_fan_speed)
    fhc_thread_init                          0x08002bcd   Thumb Code   178  fhc_thread.o(i.fhc_thread_init)
    fhc_thread_pow_init                      0x08002ce5   Thumb Code    40  fhc_thread.o(i.fhc_thread_pow_init)
    fputc                                    0x08002d21   Thumb Code    14  bsp_uart.o(i.fputc)
    get_RCCCLOCK                             0x08002d31   Thumb Code    54  bsp_clock.o(i.get_RCCCLOCK)
    key_thread_entry                         0x08002dad   Thumb Code   836  fhc_thread.o(i.key_thread_entry)
    $Super$$main                             0x080031b5   Thumb Code   834  main.o(i.main)
    main_thread_entry                        0x080035e9   Thumb Code    14  components.o(i.main_thread_entry)
    pow_thread_entry                         0x080035f9   Thumb Code   204  fhc_thread.o(i.pow_thread_entry)
    rt_application_init                      0x08003825   Thumb Code    44  components.o(i.rt_application_init)
    rt_components_board_init                 0x08003861   Thumb Code    20  components.o(i.rt_components_board_init)
    rt_components_init                       0x0800387d   Thumb Code    20  components.o(i.rt_components_init)
    rt_enter_critical                        0x08003899   Thumb Code    22  scheduler.o(i.rt_enter_critical)
    rt_exit_critical                         0x080038b5   Thumb Code    52  scheduler.o(i.rt_exit_critical)
    rt_hw_board_init                         0x080038ed   Thumb Code    54  board.o(i.rt_hw_board_init)
    rt_hw_console_output                     0x0800392d   Thumb Code    46  kservice.o(i.rt_hw_console_output)
    rt_hw_hard_fault_exception               0x0800395d   Thumb Code   178  cpuport.o(i.rt_hw_hard_fault_exception)
    rt_hw_stack_init                         0x08003b51   Thumb Code    52  cpuport.o(i.rt_hw_stack_init)
    rt_interrupt_enter                       0x08003b89   Thumb Code    22  irq.o(i.rt_interrupt_enter)
    rt_interrupt_leave                       0x08003ba5   Thumb Code    22  irq.o(i.rt_interrupt_leave)
    rt_kprintf                               0x08003bc1   Thumb Code    28  kservice.o(i.rt_kprintf)
    rt_memset                                0x08003c11   Thumb Code    70  kservice.o(i.rt_memset)
    rt_object_detach                         0x08003c57   Thumb Code    36  object.o(i.rt_object_detach)
    rt_object_get_information                0x08003c7d   Thumb Code    30  object.o(i.rt_object_get_information)
    rt_object_init                           0x08003ca1   Thumb Code    82  object.o(i.rt_object_init)
    rt_object_is_systemobject                0x08003cf3   Thumb Code    14  object.o(i.rt_object_is_systemobject)
    rt_schedule                              0x08003d01   Thumb Code    76  scheduler.o(i.rt_schedule)
    rt_schedule_insert_thread                0x08003d59   Thumb Code    70  scheduler.o(i.rt_schedule_insert_thread)
    rt_schedule_remove_thread                0x08003da9   Thumb Code    64  scheduler.o(i.rt_schedule_remove_thread)
    rt_show_version                          0x08003df1   Thumb Code    40  kservice.o(i.rt_show_version)
    rt_soft_timer_check                      0x08003ea1   Thumb Code   106  timer.o(i.rt_soft_timer_check)
    rt_strlen                                0x08003f11   Thumb Code    16  kservice.o(i.rt_strlen)
    rt_strncpy                               0x08003f21   Thumb Code    38  kservice.o(i.rt_strncpy)
    rt_system_scheduler_init                 0x08003f49   Thumb Code    44  scheduler.o(i.rt_system_scheduler_init)
    rt_system_scheduler_start                0x08003f7d   Thumb Code    32  scheduler.o(i.rt_system_scheduler_start)
    rt_system_timer_init                     0x08003fa5   Thumb Code     8  timer.o(i.rt_system_timer_init)
    rt_system_timer_thread_init              0x08003fb1   Thumb Code    46  timer.o(i.rt_system_timer_thread_init)
    rt_thread_delay                          0x08003ff5   Thumb Code     4  thread.o(i.rt_thread_delay)
    rt_thread_exit                           0x08003ff9   Thumb Code    78  thread.o(i.rt_thread_exit)
    rt_thread_idle_excute                    0x08004059   Thumb Code   102  idle.o(i.rt_thread_idle_excute)
    rt_thread_idle_init                      0x080040c5   Thumb Code    40  idle.o(i.rt_thread_idle_init)
    rt_thread_init                           0x080040fd   Thumb Code    48  thread.o(i.rt_thread_init)
    rt_thread_mdelay                         0x0800412d   Thumb Code    14  thread.o(i.rt_thread_mdelay)
    rt_thread_resume                         0x0800413b   Thumb Code    60  thread.o(i.rt_thread_resume)
    rt_thread_self                           0x08004179   Thumb Code     6  thread.o(i.rt_thread_self)
    rt_thread_sleep                          0x08004185   Thumb Code    60  thread.o(i.rt_thread_sleep)
    rt_thread_startup                        0x080041c5   Thumb Code    40  thread.o(i.rt_thread_startup)
    rt_thread_suspend                        0x080041f1   Thumb Code    66  thread.o(i.rt_thread_suspend)
    rt_thread_timeout                        0x08004233   Thumb Code    32  thread.o(i.rt_thread_timeout)
    rt_thread_yield                          0x0800428d   Thumb Code    86  thread.o(i.rt_thread_yield)
    rt_tick_from_millisecond                 0x080042ed   Thumb Code    50  clock.o(i.rt_tick_from_millisecond)
    rt_tick_get                              0x08004321   Thumb Code     6  clock.o(i.rt_tick_get)
    rt_tick_increase                         0x0800432d   Thumb Code    38  clock.o(i.rt_tick_increase)
    rt_timer_check                           0x08004359   Thumb Code    98  timer.o(i.rt_timer_check)
    rt_timer_control                         0x080043c1   Thumb Code    48  timer.o(i.rt_timer_control)
    rt_timer_detach                          0x080043f1   Thumb Code    32  timer.o(i.rt_timer_detach)
    rt_timer_init                            0x08004411   Thumb Code    48  timer.o(i.rt_timer_init)
    rt_timer_start                           0x08004451   Thumb Code   178  timer.o(i.rt_timer_start)
    rt_timer_stop                            0x0800450d   Thumb Code    46  timer.o(i.rt_timer_stop)
    rt_vsnprintf                             0x0800453d   Thumb Code   626  kservice.o(i.rt_vsnprintf)
    rtthread_startup                         0x080047c9   Thumb Code    42  components.o(i.rtthread_startup)
    set_dac_val                              0x080047f5   Thumb Code    26  bsp_dac.o(i.set_dac_val)
    soft_timeout1                            0x0800483d   Thumb Code     2  fhc_thread.o(i.soft_timeout1)
    sqrt                                     0x0800483f   Thumb Code    76  sqrt.o(i.sqrt)
    temp_thread_entry                        0x0800488d   Thumb Code    62  fhc_thread.o(i.temp_thread_entry)
    time_thread_entry                        0x080048e9   Thumb Code   128  fhc_thread.o(i.time_thread_entry)
    AHBPrescTable                            0x0800498c   Data          16  system_stm32f1xx.o(.constdata)
    APBPrescTable                            0x0800499c   Data           8  system_stm32f1xx.o(.constdata)
    __lowest_bit_bitmap                      0x080049a4   Data         256  kservice.o(.constdata)
    __rt_init_rti_start                      0x08004ac8   Data           4  components.o(.rti_fn.0)
    __rt_init_rti_board_start                0x08004acc   Data           4  components.o(.rti_fn.0.end)
    __rt_init_rti_board_end                  0x08004ad0   Data           4  components.o(.rti_fn.1.end)
    __rt_init_rti_end                        0x08004ad4   Data           4  components.o(.rti_fn.6.end)
    Region$$Table$$Base                      0x08004ad8   Number         0  anon$$obj.o(Region$$Table)
    Region$$Table$$Limit                     0x08004af8   Number         0  anon$$obj.o(Region$$Table)
    test_data                                0x20000000   Data           4  main.o(.data)
    sw_start_stop_flag                       0x20000004   Data           4  main.o(.data)
    start_key_count                          0x20000008   Data           4  main.o(.data)
    sw_mode_flag                             0x2000000c   Data           4  main.o(.data)
    sw_fan_flag                              0x20000010   Data           4  main.o(.data)
    time_over_flag                           0x20000014   Data           4  main.o(.data)
    five_sw_flag_ps                          0x20000018   Data           4  main.o(.data)
    DP_PT100_temp                            0x20000020   Data           4  fhc_thread.o(.data)
    uwTickFreq                               0x20000024   Data           1  stm32f1xx_hal.o(.data)
    uwTickPrio                               0x20000028   Data           4  stm32f1xx_hal.o(.data)
    uwTick                                   0x2000002c   Data           4  stm32f1xx_hal.o(.data)
    SystemCoreClock                          0x20000030   Data           4  system_stm32f1xx.o(.data)
    rt_interrupt_from_thread                 0x2000003c   Data           4  cpuport.o(.data)
    rt_interrupt_to_thread                   0x20000040   Data           4  cpuport.o(.data)
    rt_thread_switch_interrupt_flag          0x20000044   Data           4  cpuport.o(.data)
    rt_interrupt_nest                        0x20000048   Data           1  irq.o(.data)
    rt_current_priority                      0x2000009c   Data           1  scheduler.o(.data)
    rt_current_thread                        0x200000a0   Data           4  scheduler.o(.data)
    rt_thread_ready_priority_group           0x200000a4   Data           4  scheduler.o(.data)
    rt_thread_defunct                        0x200000a8   Data           8  scheduler.o(.data)
    __stdout                                 0x200000c4   Data           4  stdout.o(.data)
    hdac                                     0x20001240   Data          20  bsp_dac.o(.bss)
    hrtc                                     0x20001254   Data          20  bsp_rtc.o(.bss)
    hspi3                                    0x20001268   Data          88  bsp_spi.o(.bss)
    huart1                                   0x200012c0   Data          64  bsp_uart.o(.bss)
    main_thread                              0x20001700   Data         120  components.o(.bss)
    rt_thread_priority_table                 0x200018f0   Data         256  scheduler.o(.bss)
    __initial_sp                             0x20002468   Data           0  startup_stm32f103xe.o(STACK)



==============================================================================

Memory Map of the image

  Image Entry point : 0x08000131

  Load Region LR_IROM1 (Base: 0x08000000, Size: 0x00004bc4, Max: 0x00040000, ABSOLUTE)

    Execution Region ER_IROM1 (Exec base: 0x08000000, Load base: 0x08000000, Size: 0x00004af8, Max: 0x00040000, ABSOLUTE)

    Exec Addr    Load Addr    Size         Type   Attr      Idx    E Section Name        Object

    0x08000000   0x08000000   0x00000130   Data   RO          793    RESET               startup_stm32f103xe.o
    0x08000130   0x08000130   0x00000000   Code   RO         5241  * .ARM.Collect$$$$00000000  mc_w.l(entry.o)
    0x08000130   0x08000130   0x00000004   Code   RO         5539    .ARM.Collect$$$$00000001  mc_w.l(entry2.o)
    0x08000134   0x08000134   0x00000004   Code   RO         5542    .ARM.Collect$$$$00000004  mc_w.l(entry5.o)
    0x08000138   0x08000138   0x00000000   Code   RO         5544    .ARM.Collect$$$$00000008  mc_w.l(entry7b.o)
    0x08000138   0x08000138   0x00000000   Code   RO         5546    .ARM.Collect$$$$0000000A  mc_w.l(entry8b.o)
    0x08000138   0x08000138   0x00000008   Code   RO         5547    .ARM.Collect$$$$0000000B  mc_w.l(entry9a.o)
    0x08000140   0x08000140   0x00000004   Code   RO         5554    .ARM.Collect$$$$0000000E  mc_w.l(entry12b.o)
    0x08000144   0x08000144   0x00000000   Code   RO         5549    .ARM.Collect$$$$0000000F  mc_w.l(entry10a.o)
    0x08000144   0x08000144   0x00000000   Code   RO         5551    .ARM.Collect$$$$00000011  mc_w.l(entry11a.o)
    0x08000144   0x08000144   0x00000004   Code   RO         5540    .ARM.Collect$$$$00002712  mc_w.l(entry2.o)
    0x08000148   0x08000148   0x00000024   Code   RO          794    .text               startup_stm32f103xe.o
    0x0800016c   0x0800016c   0x000000f4   Code   RO         4503    .text               context_rvds.o
    0x08000260   0x08000260   0x00000062   Code   RO         5244    .text               mc_w.l(uldiv.o)
    0x080002c2   0x080002c2   0x00000020   Code   RO         5246    .text               mc_w.l(llushr.o)
    0x080002e2   0x080002e2   0x00000024   Code   RO         5248    .text               mc_w.l(memseta.o)
    0x08000306   0x08000306   0x000000b0   Code   RO         5511    .text               mf_w.l(fadd.o)
    0x080003b6   0x080003b6   0x00000064   Code   RO         5513    .text               mf_w.l(fmul.o)
    0x0800041a   0x0800041a   0x0000007c   Code   RO         5515    .text               mf_w.l(fdiv.o)
    0x08000496   0x08000496   0x00000018   Code   RO         5517    .text               mf_w.l(fscalb.o)
    0x080004ae   0x080004ae   0x0000014e   Code   RO         5519    .text               mf_w.l(dadd.o)
    0x080005fc   0x080005fc   0x000000e4   Code   RO         5521    .text               mf_w.l(dmul.o)
    0x080006e0   0x080006e0   0x000000de   Code   RO         5523    .text               mf_w.l(ddiv.o)
    0x080007be   0x080007be   0x0000002e   Code   RO         5525    .text               mf_w.l(dscalb.o)
    0x080007ec   0x080007ec   0x0000001a   Code   RO         5527    .text               mf_w.l(dfltui.o)
    0x08000806   0x08000806   0x00000032   Code   RO         5529    .text               mf_w.l(ffixi.o)
    0x08000838   0x08000838   0x00000028   Code   RO         5531    .text               mf_w.l(ffixui.o)
    0x08000860   0x08000860   0x00000032   Code   RO         5533    .text               mf_w.l(dfixui.o)
    0x08000892   0x08000892   0x00000026   Code   RO         5535    .text               mf_w.l(f2d.o)
    0x080008b8   0x080008b8   0x00000038   Code   RO         5537    .text               mf_w.l(d2f.o)
    0x080008f0   0x080008f0   0x0000002c   Code   RO         5556    .text               mc_w.l(uidiv.o)
    0x0800091c   0x0800091c   0x0000001e   Code   RO         5558    .text               mc_w.l(llshl.o)
    0x0800093a   0x0800093a   0x00000024   Code   RO         5560    .text               mc_w.l(llsshr.o)
    0x0800095e   0x0800095e   0x00000000   Code   RO         5569    .text               mc_w.l(iusefp.o)
    0x0800095e   0x0800095e   0x0000006e   Code   RO         5570    .text               mf_w.l(fepilogue.o)
    0x080009cc   0x080009cc   0x000000ba   Code   RO         5572    .text               mf_w.l(depilogue.o)
    0x08000a86   0x08000a86   0x000000a2   Code   RO         5574    .text               mf_w.l(dsqrt.o)
    0x08000b28   0x08000b28   0x00000024   Code   RO         5582    .text               mc_w.l(init.o)
    0x08000b4c   0x08000b4c   0x0000000a   Code   RO         4434    i.$Sub$$main        components.o
    0x08000b56   0x08000b56   0x00000002   Code   RO          320    i.BusFault_Handler  stm32f1xx_it.o
    0x08000b58   0x08000b58   0x00000002   Code   RO          321    i.DebugMon_Handler  stm32f1xx_it.o
    0x08000b5a   0x08000b5a   0x00000002   Code   RO            4    i.Error_Handler     main.o
    0x08000b5c   0x08000b5c   0x0000004e   Code   RO          840    i.HAL_DAC_ConfigChannel  stm32f1xx_hal_dac.o
    0x08000baa   0x08000baa   0x00000028   Code   RO          850    i.HAL_DAC_Init      stm32f1xx_hal_dac.o
    0x08000bd2   0x08000bd2   0x00000002   PAD
    0x08000bd4   0x08000bd4   0x00000058   Code   RO          385    i.HAL_DAC_MspInit   stm32f1xx_hal_msp.o
    0x08000c2c   0x08000c2c   0x0000001a   Code   RO          853    i.HAL_DAC_SetValue  stm32f1xx_hal_dac.o
    0x08000c46   0x08000c46   0x0000005c   Code   RO          854    i.HAL_DAC_Start     stm32f1xx_hal_dac.o
    0x08000ca2   0x08000ca2   0x00000002   PAD
    0x08000ca4   0x08000ca4   0x000001f8   Code   RO         3650    i.HAL_GPIO_Init     stm32f1xx_hal_gpio.o
    0x08000e9c   0x08000e9c   0x0000000a   Code   RO         3652    i.HAL_GPIO_ReadPin  stm32f1xx_hal_gpio.o
    0x08000ea6   0x08000ea6   0x0000000a   Code   RO         3654    i.HAL_GPIO_WritePin  stm32f1xx_hal_gpio.o
    0x08000eb0   0x08000eb0   0x0000000c   Code   RO         3346    i.HAL_GetTick       stm32f1xx_hal.o
    0x08000ebc   0x08000ebc   0x00000024   Code   RO         3353    i.HAL_Init          stm32f1xx_hal.o
    0x08000ee0   0x08000ee0   0x00000040   Code   RO         3354    i.HAL_InitTick      stm32f1xx_hal.o
    0x08000f20   0x08000f20   0x0000003c   Code   RO          388    i.HAL_MspInit       stm32f1xx_hal_msp.o
    0x08000f5c   0x08000f5c   0x00000040   Code   RO         3816    i.HAL_NVIC_SetPriority  stm32f1xx_hal_cortex.o
    0x08000f9c   0x08000f9c   0x00000024   Code   RO         3817    i.HAL_NVIC_SetPriorityGrouping  stm32f1xx_hal_cortex.o
    0x08000fc0   0x08000fc0   0x0000000c   Code   RO         3932    i.HAL_PWR_EnableBkUpAccess  stm32f1xx_hal_pwr.o
    0x08000fcc   0x08000fcc   0x000000d4   Code   RO         3612    i.HAL_RCCEx_GetPeriphCLKFreq  stm32f1xx_hal_rcc_ex.o
    0x080010a0   0x080010a0   0x000000ec   Code   RO         3613    i.HAL_RCCEx_PeriphCLKConfig  stm32f1xx_hal_rcc_ex.o
    0x0800118c   0x0800118c   0x0000012c   Code   RO         3510    i.HAL_RCC_ClockConfig  stm32f1xx_hal_rcc.o
    0x080012b8   0x080012b8   0x0000000c   Code   RO         3515    i.HAL_RCC_GetHCLKFreq  stm32f1xx_hal_rcc.o
    0x080012c4   0x080012c4   0x00000020   Code   RO         3517    i.HAL_RCC_GetPCLK1Freq  stm32f1xx_hal_rcc.o
    0x080012e4   0x080012e4   0x00000020   Code   RO         3518    i.HAL_RCC_GetPCLK2Freq  stm32f1xx_hal_rcc.o
    0x08001304   0x08001304   0x0000006c   Code   RO         3519    i.HAL_RCC_GetSysClockFreq  stm32f1xx_hal_rcc.o
    0x08001370   0x08001370   0x00000320   Code   RO         3522    i.HAL_RCC_OscConfig  stm32f1xx_hal_rcc.o
    0x08001690   0x08001690   0x00000010   Code   RO          594    i.HAL_RTCEx_RTCEventCallback  bsp_rtc.o
    0x080016a0   0x080016a0   0x00000002   Code   RO         1663    i.HAL_RTCEx_RTCEventErrorCallback  stm32f1xx_hal_rtc_ex.o
    0x080016a2   0x080016a2   0x0000003c   Code   RO         1664    i.HAL_RTCEx_RTCIRQHandler  stm32f1xx_hal_rtc_ex.o
    0x080016de   0x080016de   0x0000002c   Code   RO         1665    i.HAL_RTCEx_SetSecond_IT  stm32f1xx_hal_rtc_ex.o
    0x0800170a   0x0800170a   0x00000002   PAD
    0x0800170c   0x0800170c   0x000000a0   Code   RO         1495    i.HAL_RTC_Init      stm32f1xx_hal_rtc.o
    0x080017ac   0x080017ac   0x00000034   Code   RO          390    i.HAL_RTC_MspInit   stm32f1xx_hal_msp.o
    0x080017e0   0x080017e0   0x0000003a   Code   RO         1503    i.HAL_RTC_WaitForSynchro  stm32f1xx_hal_rtc.o
    0x0800181a   0x0800181a   0x0000007c   Code   RO         1770    i.HAL_SPI_Init      stm32f1xx_hal_spi.o
    0x08001896   0x08001896   0x00000002   PAD
    0x08001898   0x08001898   0x00000070   Code   RO          392    i.HAL_SPI_MspInit   stm32f1xx_hal_msp.o
    0x08001908   0x08001908   0x000001e2   Code   RO         1779    i.HAL_SPI_TransmitReceive  stm32f1xx_hal_spi.o
    0x08001aea   0x08001aea   0x00000028   Code   RO         3821    i.HAL_SYSTICK_Config  stm32f1xx_hal_cortex.o
    0x08001b12   0x08001b12   0x00000062   Code   RO         3034    i.HAL_UART_Init     stm32f1xx_hal_uart.o
    0x08001b74   0x08001b74   0x00000080   Code   RO          396    i.HAL_UART_MspInit  stm32f1xx_hal_msp.o
    0x08001bf4   0x08001bf4   0x000000ba   Code   RO         3042    i.HAL_UART_Transmit  stm32f1xx_hal_uart.o
    0x08001cae   0x08001cae   0x00000002   PAD
    0x08001cb0   0x08001cb0   0x00000088   Code   RO          770    i.HC595SendData     bsp_hc595.o
    0x08001d38   0x08001d38   0x0000001a   Code   RO          720    i.MAX31865_Init     bsp_max31856.o
    0x08001d52   0x08001d52   0x00000002   PAD
    0x08001d54   0x08001d54   0x00000034   Code   RO          721    i.MAX31865_Read_Reg  bsp_max31856.o
    0x08001d88   0x08001d88   0x00000038   Code   RO          722    i.MAX31865_Write_Reg  bsp_max31856.o
    0x08001dc0   0x08001dc0   0x0000003c   Code   RO          510    i.MX_DAC_Init       bsp_dac.o
    0x08001dfc   0x08001dfc   0x000001b4   Code   RO          543    i.MX_GPIO_Init      bsp_gpio.o
    0x08001fb0   0x08001fb0   0x0000002c   Code   RO          595    i.MX_RTC_Init       bsp_rtc.o
    0x08001fdc   0x08001fdc   0x00000044   Code   RO          627    i.MX_SPI3_Init      bsp_spi.o
    0x08002020   0x08002020   0x00000038   Code   RO          681    i.MX_USART1_UART_Init  bsp_uart.o
    0x08002058   0x08002058   0x000001bc   Code   RO          723    i.Max31865_get_temp  bsp_max31856.o
    0x08002214   0x08002214   0x00000002   Code   RO          322    i.MemManage_Handler  stm32f1xx_it.o
    0x08002216   0x08002216   0x00000002   Code   RO          323    i.NMI_Handler       stm32f1xx_it.o
    0x08002218   0x08002218   0x00000034   Code   RO         1507    i.RTC_EnterInitMode  stm32f1xx_hal_rtc.o
    0x0800224c   0x0800224c   0x00000036   Code   RO         1508    i.RTC_ExitInitMode  stm32f1xx_hal_rtc.o
    0x08002282   0x08002282   0x00000002   PAD
    0x08002284   0x08002284   0x0000000c   Code   RO          324    i.RTC_IRQHandler    stm32f1xx_it.o
    0x08002290   0x08002290   0x00000028   Code   RO          724    i.SPI3_ReadWriteByte  bsp_max31856.o
    0x080022b8   0x080022b8   0x00000020   Code   RO         1808    i.SPI_EndRxTxTransaction  stm32f1xx_hal_spi.o
    0x080022d8   0x080022d8   0x00000094   Code   RO         1813    i.SPI_WaitFlagStateUntilTimeout  stm32f1xx_hal_spi.o
    0x0800236c   0x0800236c   0x00000002   Code   RO          325    i.SVC_Handler       stm32f1xx_it.o
    0x0800236e   0x0800236e   0x00000012   Code   RO         4348    i.SysTick_Handler   board.o
    0x08002380   0x08002380   0x00000080   Code   RO          480    i.SystemClock_Config  bsp_clock.o
    0x08002400   0x08002400   0x00000068   Code   RO         4310    i.SystemCoreClockUpdate  system_stm32f1xx.o
    0x08002468   0x08002468   0x00000048   Code   RO         4311    i.SystemInit        system_stm32f1xx.o
    0x080024b0   0x080024b0   0x000000b8   Code   RO         3060    i.UART_SetConfig    stm32f1xx_hal_uart.o
    0x08002568   0x08002568   0x00000064   Code   RO         3062    i.UART_WaitOnFlagUntilTimeout  stm32f1xx_hal_uart.o
    0x080025cc   0x080025cc   0x00000018   Code   RO          682    i.USART_PutChar     bsp_uart.o
    0x080025e4   0x080025e4   0x00000002   Code   RO          326    i.UsageFault_Handler  stm32f1xx_it.o
    0x080025e6   0x080025e6   0x00000002   PAD
    0x080025e8   0x080025e8   0x00000020   Code   RO         5295    i.__0printf$1       mc_w.l(printf1.o)
    0x08002608   0x08002608   0x00000020   Code   RO         3823    i.__NVIC_SetPriority  stm32f1xx_hal_cortex.o
    0x08002628   0x08002628   0x00000044   Code   RO         4756    i.__rt_ffs          kservice.o
    0x0800266c   0x0800266c   0x0000000e   Code   RO         5586    i.__scatterload_copy  mc_w.l(handlers.o)
    0x0800267a   0x0800267a   0x00000002   Code   RO         5587    i.__scatterload_null  mc_w.l(handlers.o)
    0x0800267c   0x0800267c   0x0000000e   Code   RO         5588    i.__scatterload_zeroinit  mc_w.l(handlers.o)
    0x0800268a   0x0800268a   0x00000002   PAD
    0x0800268c   0x0800268c   0x0000000c   Code   RO         5564    i.__set_errno       mc_w.l(errno.o)
    0x08002698   0x08002698   0x00000014   Code   RO         4549    i._has_defunct_thread  idle.o
    0x080026ac   0x080026ac   0x00000154   Code   RO         5302    i._printf_core      mc_w.l(printf1.o)
    0x08002800   0x08002800   0x00000080   Code   RO         5033    i._rt_thread_init   thread.o
    0x08002880   0x08002880   0x00000012   Code   RO         5141    i._rt_timer_remove  timer.o
    0x08002892   0x08002892   0x00000002   PAD
    0x08002894   0x08002894   0x00000250   Code   RO          213    i.dp_thread_entry   fhc_thread.o
    0x08002ae4   0x08002ae4   0x000000b4   Code   RO            5    i.fhc_power_down    main.o
    0x08002b98   0x08002b98   0x00000034   Code   RO          217    i.fhc_set_fan_speed  fhc_thread.o
    0x08002bcc   0x08002bcc   0x00000118   Code   RO          218    i.fhc_thread_init   fhc_thread.o
    0x08002ce4   0x08002ce4   0x0000003c   Code   RO          219    i.fhc_thread_pow_init  fhc_thread.o
    0x08002d20   0x08002d20   0x0000000e   Code   RO          683    i.fputc             bsp_uart.o
    0x08002d2e   0x08002d2e   0x00000002   PAD
    0x08002d30   0x08002d30   0x0000007c   Code   RO          481    i.get_RCCCLOCK      bsp_clock.o
    0x08002dac   0x08002dac   0x00000408   Code   RO          221    i.key_thread_entry  fhc_thread.o
    0x080031b4   0x080031b4   0x00000434   Code   RO            6    i.main              main.o
    0x080035e8   0x080035e8   0x0000000e   Code   RO         4435    i.main_thread_entry  components.o
    0x080035f6   0x080035f6   0x00000002   PAD
    0x080035f8   0x080035f8   0x000000fc   Code   RO          222    i.pow_thread_entry  fhc_thread.o
    0x080036f4   0x080036f4   0x00000130   Code   RO         4758    i.print_number      kservice.o
    0x08003824   0x08003824   0x0000003c   Code   RO         4436    i.rt_application_init  components.o
    0x08003860   0x08003860   0x0000001c   Code   RO         4437    i.rt_components_board_init  components.o
    0x0800387c   0x0800387c   0x0000001c   Code   RO         4438    i.rt_components_init  components.o
    0x08003898   0x08003898   0x0000001c   Code   RO         4972    i.rt_enter_critical  scheduler.o
    0x080038b4   0x080038b4   0x00000038   Code   RO         4973    i.rt_exit_critical  scheduler.o
    0x080038ec   0x080038ec   0x00000040   Code   RO         4349    i.rt_hw_board_init  board.o
    0x0800392c   0x0800392c   0x0000002e   Code   RO         4760    i.rt_hw_console_output  kservice.o
    0x0800395a   0x0800395a   0x00000002   PAD
    0x0800395c   0x0800395c   0x000001f4   Code   RO         4510    i.rt_hw_hard_fault_exception  cpuport.o
    0x08003b50   0x08003b50   0x00000038   Code   RO         4511    i.rt_hw_stack_init  cpuport.o
    0x08003b88   0x08003b88   0x0000001c   Code   RO         4729    i.rt_interrupt_enter  irq.o
    0x08003ba4   0x08003ba4   0x0000001c   Code   RO         4731    i.rt_interrupt_leave  irq.o
    0x08003bc0   0x08003bc0   0x00000020   Code   RO         4761    i.rt_kprintf        kservice.o
    0x08003be0   0x08003be0   0x0000000e   Code   RO         5034    i.rt_list_insert_after  thread.o
    0x08003bee   0x08003bee   0x0000000e   Code   RO         5142    i.rt_list_insert_after  timer.o
    0x08003bfc   0x08003bfc   0x00000012   Code   RO         5035    i.rt_list_remove    thread.o
    0x08003c0e   0x08003c0e   0x00000002   PAD
    0x08003c10   0x08003c10   0x00000046   Code   RO         4766    i.rt_memset         kservice.o
    0x08003c56   0x08003c56   0x00000024   Code   RO         4918    i.rt_object_detach  object.o
    0x08003c7a   0x08003c7a   0x00000002   PAD
    0x08003c7c   0x08003c7c   0x00000024   Code   RO         4920    i.rt_object_get_information  object.o
    0x08003ca0   0x08003ca0   0x00000052   Code   RO         4922    i.rt_object_init    object.o
    0x08003cf2   0x08003cf2   0x0000000e   Code   RO         4923    i.rt_object_is_systemobject  object.o
    0x08003d00   0x08003d00   0x00000058   Code   RO         4974    i.rt_schedule       scheduler.o
    0x08003d58   0x08003d58   0x00000050   Code   RO         4975    i.rt_schedule_insert_thread  scheduler.o
    0x08003da8   0x08003da8   0x00000048   Code   RO         4976    i.rt_schedule_remove_thread  scheduler.o
    0x08003df0   0x08003df0   0x000000b0   Code   RO         4768    i.rt_show_version   kservice.o
    0x08003ea0   0x08003ea0   0x00000070   Code   RO         5143    i.rt_soft_timer_check  timer.o
    0x08003f10   0x08003f10   0x00000010   Code   RO         4773    i.rt_strlen         kservice.o
    0x08003f20   0x08003f20   0x00000026   Code   RO         4775    i.rt_strncpy        kservice.o
    0x08003f46   0x08003f46   0x00000002   PAD
    0x08003f48   0x08003f48   0x00000034   Code   RO         4977    i.rt_system_scheduler_init  scheduler.o
    0x08003f7c   0x08003f7c   0x00000028   Code   RO         4978    i.rt_system_scheduler_start  scheduler.o
    0x08003fa4   0x08003fa4   0x0000000c   Code   RO         5144    i.rt_system_timer_init  timer.o
    0x08003fb0   0x08003fb0   0x00000044   Code   RO         5145    i.rt_system_timer_thread_init  timer.o
    0x08003ff4   0x08003ff4   0x00000004   Code   RO         5037    i.rt_thread_delay   thread.o
    0x08003ff8   0x08003ff8   0x00000058   Code   RO         5039    i.rt_thread_exit    thread.o
    0x08004050   0x08004050   0x00000006   Code   RO         4550    i.rt_thread_idle_entry  idle.o
    0x08004056   0x08004056   0x00000002   PAD
    0x08004058   0x08004058   0x0000006c   Code   RO         4551    i.rt_thread_idle_excute  idle.o
    0x080040c4   0x080040c4   0x00000038   Code   RO         4553    i.rt_thread_idle_init  idle.o
    0x080040fc   0x080040fc   0x00000030   Code   RO         5041    i.rt_thread_init    thread.o
    0x0800412c   0x0800412c   0x0000000e   Code   RO         5042    i.rt_thread_mdelay  thread.o
    0x0800413a   0x0800413a   0x0000003c   Code   RO         5043    i.rt_thread_resume  thread.o
    0x08004176   0x08004176   0x00000002   PAD
    0x08004178   0x08004178   0x0000000c   Code   RO         5044    i.rt_thread_self    thread.o
    0x08004184   0x08004184   0x00000040   Code   RO         5045    i.rt_thread_sleep   thread.o
    0x080041c4   0x080041c4   0x0000002c   Code   RO         5046    i.rt_thread_startup  thread.o
    0x080041f0   0x080041f0   0x00000042   Code   RO         5047    i.rt_thread_suspend  thread.o
    0x08004232   0x08004232   0x00000020   Code   RO         5048    i.rt_thread_timeout  thread.o
    0x08004252   0x08004252   0x00000002   PAD
    0x08004254   0x08004254   0x00000038   Code   RO         5146    i.rt_thread_timer_entry  timer.o
    0x0800428c   0x0800428c   0x00000060   Code   RO         5049    i.rt_thread_yield   thread.o
    0x080042ec   0x080042ec   0x00000032   Code   RO         4397    i.rt_tick_from_millisecond  clock.o
    0x0800431e   0x0800431e   0x00000002   PAD
    0x08004320   0x08004320   0x0000000c   Code   RO         4398    i.rt_tick_get       clock.o
    0x0800432c   0x0800432c   0x0000002c   Code   RO         4399    i.rt_tick_increase  clock.o
    0x08004358   0x08004358   0x00000068   Code   RO         5147    i.rt_timer_check    timer.o
    0x080043c0   0x080043c0   0x00000030   Code   RO         5148    i.rt_timer_control  timer.o
    0x080043f0   0x080043f0   0x00000020   Code   RO         5149    i.rt_timer_detach   timer.o
    0x08004410   0x08004410   0x00000030   Code   RO         5150    i.rt_timer_init     timer.o
    0x08004440   0x08004440   0x00000010   Code   RO         5151    i.rt_timer_list_next_timeout  timer.o
    0x08004450   0x08004450   0x000000bc   Code   RO         5153    i.rt_timer_start    timer.o
    0x0800450c   0x0800450c   0x0000002e   Code   RO         5154    i.rt_timer_stop     timer.o
    0x0800453a   0x0800453a   0x00000002   PAD
    0x0800453c   0x0800453c   0x0000027c   Code   RO         4778    i.rt_vsnprintf      kservice.o
    0x080047b8   0x080047b8   0x00000004   Code   RO         4439    i.rti_board_end     components.o
    0x080047bc   0x080047bc   0x00000004   Code   RO         4440    i.rti_board_start   components.o
    0x080047c0   0x080047c0   0x00000004   Code   RO         4441    i.rti_end           components.o
    0x080047c4   0x080047c4   0x00000004   Code   RO         4442    i.rti_start         components.o
    0x080047c8   0x080047c8   0x0000002a   Code   RO         4443    i.rtthread_startup  components.o
    0x080047f2   0x080047f2   0x00000002   PAD
    0x080047f4   0x080047f4   0x00000020   Code   RO          511    i.set_dac_val       bsp_dac.o
    0x08004814   0x08004814   0x00000028   Code   RO         4780    i.skip_atoi         kservice.o
    0x0800483c   0x0800483c   0x00000002   Code   RO          223    i.soft_timeout1     fhc_thread.o
    0x0800483e   0x0800483e   0x0000004c   Code   RO         5234    i.sqrt              m_ws.l(sqrt.o)
    0x0800488a   0x0800488a   0x00000002   PAD
    0x0800488c   0x0800488c   0x0000005c   Code   RO          224    i.temp_thread_entry  fhc_thread.o
    0x080048e8   0x080048e8   0x000000a4   Code   RO          225    i.time_thread_entry  fhc_thread.o
    0x0800498c   0x0800498c   0x00000010   Data   RO         4312    .constdata          system_stm32f1xx.o
    0x0800499c   0x0800499c   0x00000008   Data   RO         4313    .constdata          system_stm32f1xx.o
    0x080049a4   0x080049a4   0x00000122   Data   RO         4782    .constdata          kservice.o
    0x08004ac6   0x08004ac6   0x00000002   PAD
    0x08004ac8   0x08004ac8   0x00000004   Data   RO         4445    .rti_fn.0           components.o
    0x08004acc   0x08004acc   0x00000004   Data   RO         4446    .rti_fn.0.end       components.o
    0x08004ad0   0x08004ad0   0x00000004   Data   RO         4447    .rti_fn.1.end       components.o
    0x08004ad4   0x08004ad4   0x00000004   Data   RO         4448    .rti_fn.6.end       components.o
    0x08004ad8   0x08004ad8   0x00000020   Data   RO         5584    Region$$Table       anon$$obj.o


    Execution Region RW_IRAM1 (Exec base: 0x20000000, Load base: 0x08004af8, Size: 0x00002468, Max: 0x0000c000, ABSOLUTE)

    Exec Addr    Load Addr    Size         Type   Attr      Idx    E Section Name        Object

    0x20000000   0x08004af8   0x00000004   Data   RW            7    .data               main.o
    0x20000004   0x08004afc   0x00000018   Data   RW            8    .data               main.o
    0x2000001c   0x08004b14   0x00000008   Data   RW          227    .data               fhc_thread.o
    0x20000024   0x08004b1c   0x0000000c   Data   RW         3360    .data               stm32f1xx_hal.o
    0x20000030   0x08004b28   0x00000004   Data   RW         4314    .data               system_stm32f1xx.o
    0x20000034   0x08004b2c   0x00000004   Data   RW         4401    .data               clock.o
    0x20000038   0x08004b30   0x00000004   Data   RW         4512    .data               cpuport.o
    0x2000003c   0x08004b34   0x00000004   Data   RW         4513    .data               cpuport.o
    0x20000040   0x08004b38   0x00000004   Data   RW         4514    .data               cpuport.o
    0x20000044   0x08004b3c   0x00000004   Data   RW         4515    .data               cpuport.o
    0x20000048   0x08004b40   0x00000001   Data   RW         4732    .data               irq.o
    0x20000049   0x08004b41   0x00000003   PAD
    0x2000004c   0x08004b44   0x00000050   Data   RW         4925    .data               object.o
    0x2000009c   0x08004b94   0x00000014   Data   RW         4980    .data               scheduler.o
    0x200000b0   0x08004ba8   0x00000014   Data   RW         5156    .data               timer.o
    0x200000c4   0x08004bbc   0x00000004   Data   RW         5555    .data               mc_w.l(stdout.o)
    0x200000c8   0x08004bc0   0x00000004   Data   RW         5565    .data               mc_w.l(errno.o)
    0x200000cc        -       0x00001174   Zero   RW          226    .bss                fhc_thread.o
    0x20001240        -       0x00000014   Zero   RW          512    .bss                bsp_dac.o
    0x20001254        -       0x00000014   Zero   RW          596    .bss                bsp_rtc.o
    0x20001268        -       0x00000058   Zero   RW          628    .bss                bsp_spi.o
    0x200012c0        -       0x00000040   Zero   RW          684    .bss                bsp_uart.o
    0x20001300        -       0x00000478   Zero   RW         4444    .bss                components.o
    0x20001778        -       0x000000f8   Zero   RW         4554    .bss                idle.o
    0x20001870        -       0x00000080   Zero   RW         4781    .bss                kservice.o
    0x200018f0        -       0x00000100   Zero   RW         4979    .bss                scheduler.o
    0x200019f0        -       0x00000278   Zero   RW         5155    .bss                timer.o
    0x20001c68        -       0x00000800   Zero   RW          791    STACK               startup_stm32f103xe.o


==============================================================================

Image component sizes


      Code (inc. data)   RO Data    RW Data    ZI Data      Debug   Object Name

        82         10          0          0          0       1653   board.o
       252         70          0          0          0       1116   bsp_clock.o
        92         16          0          0         20       1139   bsp_dac.o
       436         16          0          0          0       1027   bsp_gpio.o
       136          4          0          0          0        708   bsp_hc595.o
       618         78          0          0          0       3368   bsp_max31856.o
        60         14          0          0         20       1330   bsp_rtc.o
        68          8          0          0         88        667   bsp_spi.o
        94         14          0          0         64       1919   bsp_uart.o
       106         12          0          4          0       1688   clock.o
       198         32         16          0       1144       5552   components.o
       244         26          0          0          0        728   context_rvds.o
       556        326          0         16          0       3002   cpuport.o
      2526        492          0          8       4468       7376   fhc_thread.o
       190         26          0          0        248       5302   idle.o
        56         12          0          1          0       1470   irq.o
      1426        160        290          0        128      10479   kservice.o
      1258        268          0         28          0     516188   main.o
       168          6          0         80          0       5976   object.o
       416         56          0         20        256       7682   scheduler.o
        36          8        304          0       2048        748   startup_stm32f103xe.o
       112         20          0         12          0       5287   stm32f1xx_hal.o
       172         14          0          0          0      28178   stm32f1xx_hal_cortex.o
       236          0          0          0          0       3234   stm32f1xx_hal_dac.o
       524         42          0          0          0       3447   stm32f1xx_hal_gpio.o
       440         62          0          0          0       3355   stm32f1xx_hal_msp.o
        12          4          0          0          0        491   stm32f1xx_hal_pwr.o
      1284        106          0          0          0       5496   stm32f1xx_hal_rcc.o
       448         44          0          0          0       2501   stm32f1xx_hal_rcc_ex.o
       324          6          0          0          0       3600   stm32f1xx_hal_rtc.o
       106          0          0          0          0       2149   stm32f1xx_hal_rtc_ex.o
       786          0          0          0          0       4417   stm32f1xx_hal_spi.o
       568          6          0          0          0       3816   stm32f1xx_hal_uart.o
        24          6          0          0          0       2796   stm32f1xx_it.o
       176         38         24          4          0       1691   system_stm32f1xx.o
       688         44          0          0          0      10852   thread.o
       762         54          0         20        632      11070   timer.o

    ----------------------------------------------------------------------
     15722       2100        668        196       9116     671498   Object Totals
         0          0         32          0          0          0   (incl. Generated)
        42          0          2          3          0          0   (incl. Padding)

    ----------------------------------------------------------------------

      Code (inc. data)   RO Data    RW Data    ZI Data      Debug   Library Member Name

        76          0          0          0          0         84   sqrt.o
         0          0          0          0          0          0   entry.o
         0          0          0          0          0          0   entry10a.o
         0          0          0          0          0          0   entry11a.o
         4          0          0          0          0          0   entry12b.o
         8          4          0          0          0          0   entry2.o
         4          0          0          0          0          0   entry5.o
         0          0          0          0          0          0   entry7b.o
         0          0          0          0          0          0   entry8b.o
         8          4          0          0          0          0   entry9a.o
        12          6          0          4          0         68   errno.o
        30          0          0          0          0          0   handlers.o
        36          8          0          0          0         68   init.o
         0          0          0          0          0          0   iusefp.o
        30          0          0          0          0         68   llshl.o
        36          0          0          0          0         68   llsshr.o
        32          0          0          0          0         68   llushr.o
        36          0          0          0          0        108   memseta.o
       372         14          0          0          0        184   printf1.o
         0          0          0          4          0          0   stdout.o
        44          0          0          0          0         80   uidiv.o
        98          0          0          0          0         92   uldiv.o
        56          0          0          0          0         88   d2f.o
       334          0          0          0          0        148   dadd.o
       222          0          0          0          0        100   ddiv.o
       186          0          0          0          0        176   depilogue.o
        50          0          0          0          0         76   dfixui.o
        26          0          0          0          0         76   dfltui.o
       228          0          0          0          0         96   dmul.o
        46          0          0          0          0         80   dscalb.o
       162          0          0          0          0        100   dsqrt.o
        38          0          0          0          0         68   f2d.o
       176          0          0          0          0        140   fadd.o
       124          0          0          0          0         88   fdiv.o
       110          0          0          0          0        168   fepilogue.o
        50          0          0          0          0         68   ffixi.o
        40          0          0          0          0         68   ffixui.o
       100          0          0          0          0         76   fmul.o
        24          0          0          0          0         68   fscalb.o

    ----------------------------------------------------------------------
      2802         36          0          8          0       2572   Library Totals
         4          0          0          0          0          0   (incl. Padding)

    ----------------------------------------------------------------------

      Code (inc. data)   RO Data    RW Data    ZI Data      Debug   Library Name

        76          0          0          0          0         84   m_ws.l
       750         36          0          8          0        804   mc_w.l
      1972          0          0          0          0       1684   mf_w.l

    ----------------------------------------------------------------------
      2802         36          0          8          0       2572   Library Totals

    ----------------------------------------------------------------------

==============================================================================


      Code (inc. data)   RO Data    RW Data    ZI Data      Debug   

     18524       2136        668        204       9116     665122   Grand Totals
     18524       2136        668        204       9116     665122   ELF Image Totals
     18524       2136        668        204          0          0   ROM Totals

==============================================================================

    Total RO  Size (Code + RO Data)                19192 (  18.74kB)
    Total RW  Size (RW Data + ZI Data)              9320 (   9.10kB)
    Total ROM Size (Code + RO Data + RW Data)      19396 (  18.94kB)

==============================================================================

